{
    "with tumor-normal data": {
        "content": [
            [
                "bcftools",
                "bcftools/subject_a.vcf.gz",
                "bcftools/subject_a.vcf.gz.tbi",
                "clinical_filtering",
                "clinical_filtering/subject_a_clinical.vcf.gz",
                "clinical_filtering/subject_a_clinical.vcf.gz.tbi",
                "research_filtering",
                "research_filtering/subject_a_research.vcf.gz",
                "research_filtering/subject_a_research.vcf.gz.tbi",
                "vcfanno",
                "vcfanno/subject_a_vcfanno.vcf.gz",
                "vcfanno/subject_a_vcfanno.vcf.gz.tbi",
                "vep",
                "vep/subject_a_vep.vcf.gz",
                "vep/subject_a_vep.vcf.gz.tbi",
                "vep/subject_a_vep.vcf.gz_summary.html"
            ],
            [
                [
                    "subject_a.vcf.gz",
                    "c4e094059322ba88b5e53d7b4913cceb"
                ],
                [
                    "subject_a_clinical.vcf.gz",
                    "c4e094059322ba88b5e53d7b4913cceb"
                ],
                [
                    "subject_a_research.vcf.gz",
                    "4cdfadaf39f5ed1c1d854226e6099c0d"
                ],
                [
                    "subject_a_vcfanno.vcf.gz",
                    "f79b3dd00e3a53231a4bbd52ebcc6d1d"
                ],
                [
                    "subject_a_vep.vcf.gz",
                    "c7dae0b238f6b5f4bf91c0682824f474"
                ]
            ]
        ],
        "timestamp": "2026-05-28T12:14:04.222222",
        "meta": {
            "nf-test": "0.9.5",
            "nextflow": "26.04.2"
        }
    }
}