{
    "No PREPARE_AMBER_COBALT_FOR_GENS support with '-profile test' - stub": {
        "content": [
            {
                "Workflow": {
                    "Clinical-Genomics/oncorefiner": "v1.0.0dev"
                }
            },
            [
                "alignments",
                "alignments/test_normal_sample_normal.cram",
                "alignments/test_normal_sample_normal.cram.crai",
                "cnv",
                "cnv/test_tumor_normal_case_CNV_report.html",
                "pipeline_info",
                "pipeline_info/oncorefiner_software_mqc_versions.yml"
            ]
        ],
        "timestamp": "2026-09-14T11:53:52.396481",
        "meta": {
            "nf-test": "0.9.5",
            "nextflow": "26.04.6"
        }
    },
    "No `cnv_gene_tsv` and `cnv_segment_tsv` with '-profile test' - stub": {
        "content": [
            {
                "Workflow": {
                    "Clinical-Genomics/oncorefiner": "v1.0.0dev"
                }
            },
            [
                "cnv",
                "cnv/test_tumor_normal_case_CNV_BAF_AMBER_FOR_GENS.normal.bed.gz",
                "cnv/test_tumor_normal_case_CNV_BAF_AMBER_FOR_GENS.normal.bed.gz.tbi",
                "cnv/test_tumor_normal_case_CNV_BAF_AMBER_FOR_GENS.tumor.bed.gz",
                "cnv/test_tumor_normal_case_CNV_BAF_AMBER_FOR_GENS.tumor.bed.gz.tbi",
                "cnv/test_tumor_normal_case_test_normal_sample_normal_CNV_COV_COBALT_FOR_GENS.bed.gz",
                "cnv/test_tumor_normal_case_test_normal_sample_normal_CNV_COV_COBALT_FOR_GENS.bed.gz.tbi",
                "cnv/test_tumor_normal_case_test_tumor_sample_tumor_CNV_COV_COBALT_FOR_GENS.bed.gz",
                "cnv/test_tumor_normal_case_test_tumor_sample_tumor_CNV_COV_COBALT_FOR_GENS.bed.gz.tbi",
                "pipeline_info",
                "pipeline_info/oncorefiner_software_mqc_versions.yml"
            ]
        ],
        "timestamp": "2026-09-14T11:53:18.972185",
        "meta": {
            "nf-test": "0.9.5",
            "nextflow": "26.04.6"
        }
    },
    "No `genmod_score_config_*` with '-profile test' - stub": {
        "content": [
            {
                "Workflow": {
                    "Clinical-Genomics/oncorefiner": "v1.0.0dev"
                }
            },
            [
                "alignments",
                "alignments/test_tumor_sample_tumor.cram",
                "alignments/test_tumor_sample_tumor.cram.crai",
                "cnv",
                "cnv/test_tumor_normal_case_CNV_BAF_AMBER_FOR_GENS.normal.bed.gz",
                "cnv/test_tumor_normal_case_CNV_BAF_AMBER_FOR_GENS.normal.bed.gz.tbi",
                "cnv/test_tumor_normal_case_CNV_BAF_AMBER_FOR_GENS.tumor.bed.gz",
                "cnv/test_tumor_normal_case_CNV_BAF_AMBER_FOR_GENS.tumor.bed.gz.tbi",
                "cnv/test_tumor_normal_case_CNV_report.html",
                "cnv/test_tumor_normal_case_test_normal_sample_normal_CNV_COV_COBALT_FOR_GENS.bed.gz",
                "cnv/test_tumor_normal_case_test_normal_sample_normal_CNV_COV_COBALT_FOR_GENS.bed.gz.tbi",
                "cnv/test_tumor_normal_case_test_tumor_sample_tumor_CNV_COV_COBALT_FOR_GENS.bed.gz",
                "cnv/test_tumor_normal_case_test_tumor_sample_tumor_CNV_COV_COBALT_FOR_GENS.bed.gz.tbi",
                "pipeline_info",
                "pipeline_info/oncorefiner_software_mqc_versions.yml"
            ]
        ],
        "timestamp": "2026-09-14T11:52:13.222921",
        "meta": {
            "nf-test": "0.9.5",
            "nextflow": "26.04.6"
        }
    },
    "No `vep_plugin_files` with '-profile test' - stub": {
        "content": [
            {
                "Workflow": {
                    "Clinical-Genomics/oncorefiner": "v1.0.0dev"
                }
            },
            [
                "alignments",
                "alignments/test_tumor_sample_tumor.cram",
                "alignments/test_tumor_sample_tumor.cram.crai",
                "cnv",
                "cnv/test_tumor_normal_case_CNV_BAF_AMBER_FOR_GENS.normal.bed.gz",
                "cnv/test_tumor_normal_case_CNV_BAF_AMBER_FOR_GENS.normal.bed.gz.tbi",
                "cnv/test_tumor_normal_case_CNV_BAF_AMBER_FOR_GENS.tumor.bed.gz",
                "cnv/test_tumor_normal_case_CNV_BAF_AMBER_FOR_GENS.tumor.bed.gz.tbi",
                "cnv/test_tumor_normal_case_CNV_report.html",
                "cnv/test_tumor_normal_case_test_normal_sample_normal_CNV_COV_COBALT_FOR_GENS.bed.gz",
                "cnv/test_tumor_normal_case_test_normal_sample_normal_CNV_COV_COBALT_FOR_GENS.bed.gz.tbi",
                "cnv/test_tumor_normal_case_test_tumor_sample_tumor_CNV_COV_COBALT_FOR_GENS.bed.gz",
                "cnv/test_tumor_normal_case_test_tumor_sample_tumor_CNV_COV_COBALT_FOR_GENS.bed.gz.tbi",
                "pipeline_info",
                "pipeline_info/oncorefiner_software_mqc_versions.yml"
            ]
        ],
        "timestamp": "2026-09-14T11:52:46.942037",
        "meta": {
            "nf-test": "0.9.5",
            "nextflow": "26.04.6"
        }
    }
}