{
    "No `vep_extra_files` with '-profile test' - stub": {
        "content": [
            {
                "BCFTOOLS_VIEW_RESEARCH": {
                    "bcftools": 1.22
                },
                "FILTER_VCF": {
                    "bcftools": 1.22
                },
                "SAMTOOLS_VIEW": {
                    "samtools": "1.23.1"
                },
                "SVDB_QUERY": {
                    "svdb": "2.8.4"
                },
                "TIDDIT_COV": {
                    "tiddit": "3.9.5"
                },
                "UNTAR_VEP_CACHE": {
                    "untar": 1.34
                },
                "VCF2CYTOSURE": {
                    "vcf2cytosure": "0.9.3"
                },
                "VCFANNO": {
                    "vcfanno": "0.3.7"
                },
                "Workflow": {
                    "Clinical-Genomics/oncorefiner": "v1.0.0dev"
                }
            },
            [
                "alignments",
                "alignments/subject_a_normal.cram",
                "alignments/subject_a_normal.cram.crai",
                "alignments/subject_a_tumor.cram",
                "alignments/subject_a_tumor.cram.crai",
                "multiqc",
                "multiqc/multiqc_data",
                "multiqc/multiqc_data/.stub",
                "multiqc/multiqc_plots",
                "multiqc/multiqc_plots/.stub",
                "multiqc/multiqc_report.html",
                "pipeline_info",
                "pipeline_info/oncorefiner_software_mqc_versions.yml",
                "process_svs",
                "process_svs/subject_a_research.vcf.gz",
                "process_svs/subject_a_research.vcf.gz.tbi",
                "process_svs/subject_a_vcfdb_query.vcf",
                "snv",
                "snv/subject_a_vcfanno.vcf.gz",
                "snv/subject_a_vcfanno.vcf.gz.tbi",
                "vcf2cytosure",
                "vcf2cytosure/normal.cgh",
                "vcf2cytosure/tumor.cgh"
            ]
        ],
        "timestamp": "2026-06-15T16:42:41.566021436",
        "meta": {
            "nf-test": "0.9.5",
            "nextflow": "26.04.0"
        }
    }
}