{
    "Tumor only analysis with '-profile test_tumor_only'": {
        "content": [
            {
                "ANNOTATE_VCF_BY_ID": {
                    "annotate_vcf_by_id": 1.0
                },
                "BCFTOOLS_VIEW": {
                    "bcftools": "1.23.1"
                },
                "BCFTOOLS_VIEW_CLINICAL": {
                    "bcftools": "1.23.1"
                },
                "BCFTOOLS_VIEW_RESEARCH": {
                    "bcftools": "1.23.1"
                },
                "COMBINE_LINX_TSV": {
                    "combine_linx_tsv": 1.0
                },
                "ENSEMBLVEP_VEP": {
                    "ensemblvep": 115.2,
                    "perl-math-cdf": 0.1,
                    "tabix": 1.21
                },
                "FILTER_VCF": {
                    "bcftools": "1.23.1"
                },
                "GENMOD_SCORE": {
                    "genmod": "3.10.2"
                },
                "PREPARE_AMBER_FOR_GENS": {
                    "bgzip": "(htslib) 1.23.1",
                    "prepare_amber_for_gens": "prepare_amber_for_gens, version 1.0",
                    "python": "Python 3.14.6",
                    "tabix": "(htslib) 1.23.1"
                },
                "PREPARE_COBALT_FOR_GENS": {
                    "bgzip": "(htslib) 1.23.1",
                    "prepare_cobalt_for_gens": "prepare_cobalt_for_gens, version 1.0",
                    "python": "Python 3.14.6",
                    "tabix": "(htslib) 1.23.1"
                },
                "RMARKDOWNNOTEBOOK": {
                    "rmarkdownnotebook": 2.29
                },
                "SAMTOOLS_VIEW": {
                    "samtools": "1.23.1"
                },
                "SVDB_QUERY": {
                    "svdb": "2.8.4"
                },
                "TIDDIT_COV": {
                    "tiddit": "3.9.5"
                },
                "UNTAR_VEP_CACHE": {
                    "untar": 1.34
                },
                "VCF2CYTOSURE": {
                    "vcf2cytosure": "0.9.3"
                },
                "VCFANNO": {
                    "vcfanno": "0.3.7"
                },
                "Workflow": {
                    "Clinical-Genomics/oncorefiner": "v1.0.0dev"
                }
            },
            [
                "alignments",
                "alignments/subject_a_tumor.cram",
                "alignments/subject_a_tumor.cram.crai",
                "cnv",
                "cnv/test_tumor_only_case_CNV_BAF_GENS.tumor.bed.gz",
                "cnv/test_tumor_only_case_CNV_BAF_GENS.tumor.bed.gz.tbi",
                "cnv/test_tumor_only_case_cnv_report.html",
                "cnv/test_tumor_sample_tumor_CNV_COV_GENS.bed.gz",
                "cnv/test_tumor_sample_tumor_CNV_COV_GENS.bed.gz.tbi",
                "pipeline_info",
                "pipeline_info/oncorefiner_software_mqc_versions.yml",
                "qc",
                "qc/multiqc",
                "qc/multiqc/multiqc_data",
                "qc/multiqc/multiqc_data/llms-full.txt",
                "qc/multiqc/multiqc_data/multiqc.log",
                "qc/multiqc/multiqc_data/multiqc.parquet",
                "qc/multiqc/multiqc_data/multiqc_citations.txt",
                "qc/multiqc/multiqc_data/multiqc_data.json",
                "qc/multiqc/multiqc_data/multiqc_software_versions.txt",
                "qc/multiqc/multiqc_data/multiqc_sources.txt",
                "qc/multiqc/multiqc_report.html",
                "snv",
                "snv/test_tumor_only_case_clinical.vcf.gz",
                "snv/test_tumor_only_case_clinical.vcf.gz.tbi",
                "snv/test_tumor_only_case_genmod_score.vcf.gz",
                "snv/test_tumor_only_case_genmod_score.vcf.gz.tbi",
                "snv/test_tumor_only_case_vcfanno.vcf.gz",
                "snv/test_tumor_only_case_vcfanno.vcf.gz.tbi",
                "snv/test_tumor_only_case_vep.vcf.gz",
                "snv/test_tumor_only_case_vep.vcf.gz.tbi",
                "snv/test_tumor_only_case_vep.vcf.gz_summary.html",
                "sv",
                "sv/test_tumor_only_case_clinical.vcf.gz",
                "sv/test_tumor_only_case_clinical.vcf.gz.tbi",
                "sv/test_tumor_only_case_genmod_score.vcf.gz",
                "sv/test_tumor_only_case_genmod_score.vcf.gz.tbi",
                "sv/test_tumor_only_case_svdbquery_vep.vcf.gz",
                "sv/test_tumor_only_case_svdbquery_vep.vcf.gz.tbi",
                "sv/test_tumor_only_case_svdbquery_vep.vcf.gz_summary.html",
                "sv/tumor.cgh"
            ],
            [
                "test_tumor_only_case_CNV_BAF_GENS.tumor.bed.gz:md5,ccb0b5ad7111f53c6d660e608af438ce",
                "test_tumor_only_case_CNV_BAF_GENS.tumor.bed.gz.tbi:md5,6928f740f2cd8914f6d9b10607b184ea",
                "test_tumor_sample_tumor_CNV_COV_GENS.bed.gz:md5,1a22ba6f7f24087f1c7fbb51c73a3b9d",
                "test_tumor_sample_tumor_CNV_COV_GENS.bed.gz.tbi:md5,643aa1682219825f40e1071ad684c1ee",
                "tumor.cgh:md5,22c058183d93a767ee61d5319513dc39"
            ],
            [
                [
                    "test_tumor_only_case_clinical.vcf.gz",
                    "VcfFile [chromosomes=[chr9, chr7, chr8, chrX, chr5, chr6, chr3, chr21, chr4, chr11, chr22, chr1, chr12, chr2, chr13, chr20, chr18, chr19, chr15, chr16, chr17], sampleCount=1, variantCount=104, phased=false, phasedAutodetect=false]"
                ],
                [
                    "test_tumor_only_case_genmod_score.vcf.gz",
                    "VcfFile [chromosomes=[chr9, chr7, chr8, chrX, chr5, chr6, chr3, chr21, chr4, chr11, chr22, chr1, chr12, chr2, chr13, chr20, chr18, chr19, chr15, chr16, chr17], sampleCount=1, variantCount=104, phased=false, phasedAutodetect=false]"
                ],
                [
                    "test_tumor_only_case_vcfanno.vcf.gz",
                    "VcfFile [chromosomes=[chr9, chr7, chr8, chrX, chr5, chr6, chr3, chr21, chr4, chr11, chr22, chr1, chr12, chr2, chr13, chr20, chr18, chr19, chr15, chr16, chr17], sampleCount=1, variantCount=104, phased=false, phasedAutodetect=false]"
                ],
                [
                    "test_tumor_only_case_vep.vcf.gz",
                    "VcfFile [chromosomes=[chr9, chr7, chr8, chrX, chr5, chr6, chr3, chr21, chr4, chr11, chr22, chr1, chr12, chr2, chr13, chr20, chr18, chr19, chr15, chr16, chr17], sampleCount=1, variantCount=104, phased=false, phasedAutodetect=false]"
                ],
                [
                    "test_tumor_only_case_clinical.vcf.gz",
                    "VcfFile [chromosomes=[chr19, chr9, chr11], sampleCount=1, variantCount=6, phased=false, phasedAutodetect=false]"
                ],
                [
                    "test_tumor_only_case_genmod_score.vcf.gz",
                    "VcfFile [chromosomes=[chr19, chr9, chr11], sampleCount=1, variantCount=6, phased=false, phasedAutodetect=false]"
                ],
                [
                    "test_tumor_only_case_svdbquery_vep.vcf.gz",
                    "VcfFile [chromosomes=[chr19, chr9, chr11], sampleCount=1, variantCount=6, phased=false, phasedAutodetect=false]"
                ]
            ],
            [
                [
                    "test_tumor_only_case_clinical.vcf.gz",
                    "86368653579fc08f5fe7b47a6212053f"
                ],
                [
                    "test_tumor_only_case_genmod_score.vcf.gz",
                    "86368653579fc08f5fe7b47a6212053f"
                ],
                [
                    "test_tumor_only_case_vcfanno.vcf.gz",
                    "e99aee3237070db74efee69d7a5d4be2"
                ],
                [
                    "test_tumor_only_case_vep.vcf.gz",
                    "96afd20d30255284c06a3fd505a1d466"
                ],
                [
                    "test_tumor_only_case_clinical.vcf.gz",
                    "df683be784634d933773203d555672df"
                ],
                [
                    "test_tumor_only_case_genmod_score.vcf.gz",
                    "df683be784634d933773203d555672df"
                ],
                [
                    "test_tumor_only_case_svdbquery_vep.vcf.gz",
                    "dc2bd710b86bb2e20399e35e8b6a0d6d"
                ]
            ]
        ],
        "timestamp": "2026-08-25T14:38:56.988436",
        "meta": {
            "nf-test": "0.9.5",
            "nextflow": "26.04.6"
        }
    },
    "Tumor only analysis with '-profile test_tumor_only' - stub": {
        "content": [
            {
                "ANNOTATE_VCF_BY_ID": {
                    "annotate_vcf_by_id": 1.0
                },
                "BCFTOOLS_VIEW": {
                    "bcftools": "1.23.1"
                },
                "BCFTOOLS_VIEW_CLINICAL": {
                    "bcftools": "1.23.1"
                },
                "BCFTOOLS_VIEW_RESEARCH": {
                    "bcftools": "1.23.1"
                },
                "COMBINE_LINX_TSV": {
                    "combine_linx_tsv": 1.0
                },
                "ENSEMBLVEP_VEP": {
                    "ensemblvep": 115.2,
                    "perl-math-cdf": 0.1,
                    "tabix": 1.21
                },
                "FILTER_VCF": {
                    "bcftools": "1.23.1"
                },
                "GENMOD_SCORE": {
                    "genmod": "3.10.2"
                },
                "PREPARE_AMBER_FOR_GENS": {
                    "bgzip": "(htslib) 1.23.1",
                    "prepare_amber_for_gens": "prepare_amber_for_gens, version 1.0",
                    "python": "Python 3.14.6",
                    "tabix": "(htslib) 1.23.1"
                },
                "PREPARE_COBALT_FOR_GENS": {
                    "bgzip": "(htslib) 1.23.1",
                    "prepare_cobalt_for_gens": "prepare_cobalt_for_gens, version 1.0",
                    "python": "Python 3.14.6",
                    "tabix": "(htslib) 1.23.1"
                },
                "RMARKDOWNNOTEBOOK": {
                    "rmarkdownnotebook": 2.29
                },
                "SAMTOOLS_VIEW": {
                    "samtools": "1.23.1"
                },
                "SVDB_QUERY": {
                    "svdb": "2.8.4"
                },
                "TIDDIT_COV": {
                    "tiddit": "3.9.5"
                },
                "UNTAR_VEP_CACHE": {
                    "untar": 1.34
                },
                "VCF2CYTOSURE": {
                    "vcf2cytosure": "0.9.3"
                },
                "VCFANNO": {
                    "vcfanno": "0.3.7"
                },
                "Workflow": {
                    "Clinical-Genomics/oncorefiner": "v1.0.0dev"
                }
            },
            [
                "alignments",
                "alignments/subject_a_tumor.cram",
                "alignments/subject_a_tumor.cram.crai",
                "cnv",
                "cnv/test_tumor_only_case_CNV_BAF_GENS.tumor.bed.gz",
                "cnv/test_tumor_only_case_CNV_BAF_GENS.tumor.bed.gz.tbi",
                "cnv/test_tumor_only_case_cnv_report.html",
                "cnv/test_tumor_sample_tumor_CNV_COV_GENS.bed.gz",
                "cnv/test_tumor_sample_tumor_CNV_COV_GENS.bed.gz.tbi",
                "pipeline_info",
                "pipeline_info/oncorefiner_software_mqc_versions.yml",
                "qc",
                "qc/multiqc",
                "qc/multiqc/multiqc_data",
                "qc/multiqc/multiqc_data/.stub",
                "qc/multiqc/multiqc_plots",
                "qc/multiqc/multiqc_plots/.stub",
                "qc/multiqc/multiqc_report.html",
                "snv",
                "snv/test_tumor_only_case_clinical.vcf.gz",
                "snv/test_tumor_only_case_clinical.vcf.gz.tbi",
                "snv/test_tumor_only_case_genmod_score.vcf.gz",
                "snv/test_tumor_only_case_genmod_score.vcf.gz.tbi",
                "snv/test_tumor_only_case_vcfanno.vcf.gz",
                "snv/test_tumor_only_case_vcfanno.vcf.gz.tbi",
                "snv/test_tumor_only_case_vep.vcf.gz",
                "snv/test_tumor_only_case_vep.vcf.gz.tbi",
                "snv/test_tumor_only_case_vep_summary.html",
                "sv",
                "sv/test_tumor_only_case_clinical.vcf.gz",
                "sv/test_tumor_only_case_clinical.vcf.gz.tbi",
                "sv/test_tumor_only_case_genmod_score.vcf.gz",
                "sv/test_tumor_only_case_genmod_score.vcf.gz.tbi",
                "sv/test_tumor_only_case_svdbquery_vep.vcf.gz",
                "sv/test_tumor_only_case_svdbquery_vep.vcf.gz.tbi",
                "sv/test_tumor_only_case_svdbquery_vep_summary.html",
                "sv/tumor.cgh"
            ]
        ],
        "timestamp": "2026-08-25T14:39:51.432615",
        "meta": {
            "nf-test": "0.9.5",
            "nextflow": "26.04.6"
        }
    }
}