{
    "Tumor only analysis with '-profile test_tumor_only'": {
        "content": [
            {
                "BCFTOOLS_VIEW_CLINICAL": {
                    "bcftools": 1.22
                },
                "BCFTOOLS_VIEW_RESEARCH": {
                    "bcftools": 1.22
                },
                "ENSEMBLVEP_VEP": {
                    "ensemblvep": 115.2,
                    "perl-math-cdf": 0.1,
                    "tabix": 1.21
                },
                "FILTER_VCF": {
                    "bcftools": 1.22
                },
                "SAMTOOLS_VIEW": {
                    "samtools": "1.23.1"
                },
                "SVDB_QUERY": {
                    "svdb": "2.8.4"
                },
                "TIDDIT_COV": {
                    "tiddit": "3.9.5"
                },
                "UNTAR_VEP_CACHE": {
                    "untar": 1.34
                },
                "VCF2CYTOSURE": {
                    "vcf2cytosure": "0.9.3"
                },
                "VCFANNO": {
                    "vcfanno": "0.3.7"
                },
                "Workflow": {
                    "Clinical-Genomics/oncorefiner": "v1.0.0dev"
                }
            },
            [
                "alignments",
                "alignments/subject_a_tumor.cram",
                "alignments/subject_a_tumor.cram.crai",
                "clinical_filtering",
                "clinical_filtering/subject_a_clinical.vcf.gz",
                "clinical_filtering/subject_a_clinical.vcf.gz.tbi",
                "multiqc",
                "multiqc/multiqc_data",
                "multiqc/multiqc_data/llms-full.txt",
                "multiqc/multiqc_data/multiqc.log",
                "multiqc/multiqc_data/multiqc.parquet",
                "multiqc/multiqc_data/multiqc_citations.txt",
                "multiqc/multiqc_data/multiqc_data.json",
                "multiqc/multiqc_data/multiqc_software_versions.txt",
                "multiqc/multiqc_data/multiqc_sources.txt",
                "multiqc/multiqc_report.html",
                "pipeline_info",
                "pipeline_info/oncorefiner_software_mqc_versions.yml",
                "process_svs",
                "process_svs/subject_a_clinical.vcf.gz",
                "process_svs/subject_a_clinical.vcf.gz.tbi",
                "process_svs/subject_a_research.vcf.gz",
                "process_svs/subject_a_research.vcf.gz.tbi",
                "process_svs/subject_a_vcfdb_query.vcf",
                "research_filtering",
                "research_filtering/subject_a_research.vcf.gz",
                "research_filtering/subject_a_research.vcf.gz.tbi",
                "vcf2cytosure",
                "vcf2cytosure/tumor.cgh",
                "vcfanno",
                "vcfanno/subject_a_vcfanno.vcf.gz",
                "vcfanno/subject_a_vcfanno.vcf.gz.tbi",
                "vep",
                "vep/subject_a_svdbquery_vep.vcf.gz",
                "vep/subject_a_svdbquery_vep.vcf.gz.tbi",
                "vep/subject_a_svdbquery_vep.vcf.gz_summary.html",
                "vep/subject_a_vep.vcf.gz",
                "vep/subject_a_vep.vcf.gz.tbi",
                "vep/subject_a_vep.vcf.gz_summary.html"
            ],
            [
                "tumor.cgh:md5,01e7139513de1e40737917b3fd54d001"
            ],
            [
                [
                    "subject_a_clinical.vcf.gz",
                    "VcfFile [chromosomes=[11, 22, 12, 13, 15, 16, 17, 18, 19, 1, 2, 3, 4, 5, 6, 7, 8, X, 9, 20, 21], sampleCount=1, variantCount=101, phased=false, phasedAutodetect=false]"
                ],
                [
                    "subject_a_clinical.vcf.gz",
                    "VcfFile [chromosomes=[], sampleCount=1, variantCount=0, phased=true, phasedAutodetect=true]"
                ],
                [
                    "subject_a_research.vcf.gz",
                    "VcfFile [chromosomes=[11, 19, 9], sampleCount=1, variantCount=6, phased=false, phasedAutodetect=false]"
                ],
                [
                    "subject_a_research.vcf.gz",
                    "VcfFile [chromosomes=[11, 22, 12, 13, 15, 16, 17, 18, 19, 1, 2, 3, 4, 5, 6, 7, 8, X, 9, 20, 21], sampleCount=1, variantCount=101, phased=false, phasedAutodetect=false]"
                ],
                [
                    "subject_a_vcfanno.vcf.gz",
                    "VcfFile [chromosomes=[11, 22, 12, 13, 15, 16, 17, 18, 19, 1, 2, 3, 4, 5, 6, 7, 8, X, 9, 20, 21], sampleCount=1, variantCount=101, phased=false, phasedAutodetect=false]"
                ],
                [
                    "subject_a_svdbquery_vep.vcf.gz",
                    "VcfFile [chromosomes=[], sampleCount=1, variantCount=0, phased=true, phasedAutodetect=true]"
                ],
                [
                    "subject_a_vep.vcf.gz",
                    "VcfFile [chromosomes=[11, 22, 12, 13, 15, 16, 17, 18, 19, 1, 2, 3, 4, 5, 6, 7, 8, X, 9, 20, 21], sampleCount=1, variantCount=101, phased=false, phasedAutodetect=false]"
                ]
            ],
            [
                [
                    "subject_a_clinical.vcf.gz",
                    "24bfaeee4f1be380cbc363632edca79e"
                ],
                [
                    "subject_a_clinical.vcf.gz",
                    "d41d8cd98f00b204e9800998ecf8427e"
                ],
                [
                    "subject_a_research.vcf.gz",
                    "d3307d22f15869cd315274398fa0ad1"
                ],
                [
                    "subject_a_research.vcf.gz",
                    "343a371a553b3ab582a42664c4524441"
                ],
                [
                    "subject_a_vcfanno.vcf.gz",
                    "e6b12552eccb4417b32f23e0dd5dc79c"
                ],
                [
                    "subject_a_svdbquery_vep.vcf.gz",
                    "d41d8cd98f00b204e9800998ecf8427e"
                ],
                [
                    "subject_a_vep.vcf.gz",
                    "24bfaeee4f1be380cbc363632edca79e"
                ]
            ]
        ],
        "timestamp": "2026-04-27T17:07:17.523129",
        "meta": {
            "nf-test": "0.9.5",
            "nextflow": "25.10.4"
        }
    }
}