{
    "Tumor Normal analysis with '-profile test' - stub": {
        "content": [
            {
                "BCFTOOLS_VIEW": {
                    "bcftools": "1.23.1"
                },
                "BCFTOOLS_VIEW_CLINICAL": {
                    "bcftools": "1.23.1"
                },
                "BCFTOOLS_VIEW_RESEARCH": {
                    "bcftools": "1.23.1"
                },
                "ENSEMBLVEP_VEP": {
                    "ensemblvep": 115.2,
                    "perl-math-cdf": 0.1,
                    "tabix": 1.21
                },
                "FILTER_VCF": {
                    "bcftools": "1.23.1"
                },
                "GENMOD_SCORE": {
                    "genmod": "3.10.2"
                },
                "SAMTOOLS_VIEW": {
                    "samtools": "1.23.1"
                },
                "SVDB_QUERY": {
                    "svdb": "2.8.4"
                },
                "TIDDIT_COV": {
                    "tiddit": "3.9.5"
                },
                "UNTAR_VEP_CACHE": {
                    "untar": 1.34
                },
                "VCF2CYTOSURE": {
                    "vcf2cytosure": "0.9.3"
                },
                "VCFANNO": {
                    "vcfanno": "0.3.7"
                },
                "Workflow": {
                    "Clinical-Genomics/oncorefiner": "v1.0.0dev"
                }
            },
            [
                "alignments",
                "alignments/subject_a_normal.cram",
                "alignments/subject_a_normal.cram.crai",
                "alignments/subject_a_tumor.cram",
                "alignments/subject_a_tumor.cram.crai",
                "bcftools",
                "bcftools/subject_a.vcf.gz",
                "bcftools/subject_a.vcf.gz.tbi",
                "clinical_filtering",
                "clinical_filtering/subject_a_clinical.vcf.gz",
                "clinical_filtering/subject_a_clinical.vcf.gz.tbi",
                "multiqc",
                "multiqc/multiqc_data",
                "multiqc/multiqc_data/.stub",
                "multiqc/multiqc_plots",
                "multiqc/multiqc_plots/.stub",
                "multiqc/multiqc_report.html",
                "pipeline_info",
                "pipeline_info/oncorefiner_software_mqc_versions.yml",
                "process_svs",
                "process_svs/subject_a_clinical.vcf.gz",
                "process_svs/subject_a_clinical.vcf.gz.tbi",
                "process_svs/subject_a_research.vcf.gz",
                "process_svs/subject_a_research.vcf.gz.tbi",
                "process_svs/subject_a_vcfdb_query.vcf",
                "research_filtering",
                "research_filtering/subject_a_research.vcf.gz",
                "research_filtering/subject_a_research.vcf.gz.tbi",
                "vcf2cytosure",
                "vcf2cytosure/normal.cgh",
                "vcf2cytosure/tumor.cgh",
                "vcfanno",
                "vcfanno/subject_a_vcfanno.vcf.gz",
                "vcfanno/subject_a_vcfanno.vcf.gz.tbi",
                "vep",
                "vep/subject_a_svdbquery_vep.vcf.gz",
                "vep/subject_a_svdbquery_vep.vcf.gz.tbi",
                "vep/subject_a_svdbquery_vep_summary.html",
                "vep/subject_a_vep.vcf.gz",
                "vep/subject_a_vep.vcf.gz.tbi",
                "vep/subject_a_vep_summary.html"
            ]
        ],
        "timestamp": "2026-06-01T16:41:00.201162",
        "meta": {
            "nf-test": "0.9.5",
            "nextflow": "26.04.2"
        }
    },
    "Tumor Normal analysis with '-profile test'": {
        "content": [
            {
                "BCFTOOLS_VIEW": {
                    "bcftools": "1.23.1"
                },
                "BCFTOOLS_VIEW_CLINICAL": {
                    "bcftools": "1.23.1"
                },
                "BCFTOOLS_VIEW_RESEARCH": {
                    "bcftools": "1.23.1"
                },
                "ENSEMBLVEP_VEP": {
                    "ensemblvep": 115.2,
                    "perl-math-cdf": 0.1,
                    "tabix": 1.21
                },
                "FILTER_VCF": {
                    "bcftools": "1.23.1"
                },
                "GENMOD_SCORE": {
                    "genmod": "3.10.2"
                },
                "SAMTOOLS_VIEW": {
                    "samtools": "1.23.1"
                },
                "SVDB_QUERY": {
                    "svdb": "2.8.4"
                },
                "TIDDIT_COV": {
                    "tiddit": "3.9.5"
                },
                "UNTAR_VEP_CACHE": {
                    "untar": 1.34
                },
                "VCF2CYTOSURE": {
                    "vcf2cytosure": "0.9.3"
                },
                "VCFANNO": {
                    "vcfanno": "0.3.7"
                },
                "Workflow": {
                    "Clinical-Genomics/oncorefiner": "v1.0.0dev"
                }
            },
            [
                "alignments",
                "alignments/subject_a_normal.cram",
                "alignments/subject_a_normal.cram.crai",
                "alignments/subject_a_tumor.cram",
                "alignments/subject_a_tumor.cram.crai",
                "bcftools",
                "bcftools/subject_a.vcf.gz",
                "bcftools/subject_a.vcf.gz.tbi",
                "clinical_filtering",
                "clinical_filtering/subject_a_clinical.vcf.gz",
                "clinical_filtering/subject_a_clinical.vcf.gz.tbi",
                "multiqc",
                "multiqc/multiqc_data",
                "multiqc/multiqc_data/llms-full.txt",
                "multiqc/multiqc_data/multiqc.log",
                "multiqc/multiqc_data/multiqc.parquet",
                "multiqc/multiqc_data/multiqc_citations.txt",
                "multiqc/multiqc_data/multiqc_data.json",
                "multiqc/multiqc_data/multiqc_software_versions.txt",
                "multiqc/multiqc_data/multiqc_sources.txt",
                "multiqc/multiqc_report.html",
                "pipeline_info",
                "pipeline_info/oncorefiner_software_mqc_versions.yml",
                "process_svs",
                "process_svs/subject_a_clinical.vcf.gz",
                "process_svs/subject_a_clinical.vcf.gz.tbi",
                "process_svs/subject_a_research.vcf.gz",
                "process_svs/subject_a_research.vcf.gz.tbi",
                "process_svs/subject_a_vcfdb_query.vcf",
                "research_filtering",
                "research_filtering/subject_a_research.vcf.gz",
                "research_filtering/subject_a_research.vcf.gz.tbi",
                "vcf2cytosure",
                "vcf2cytosure/normal.cgh",
                "vcf2cytosure/tumor.cgh",
                "vcfanno",
                "vcfanno/subject_a_vcfanno.vcf.gz",
                "vcfanno/subject_a_vcfanno.vcf.gz.tbi",
                "vep",
                "vep/subject_a_svdbquery_vep.vcf.gz",
                "vep/subject_a_svdbquery_vep.vcf.gz.tbi",
                "vep/subject_a_svdbquery_vep.vcf.gz_summary.html",
                "vep/subject_a_vep.vcf.gz",
                "vep/subject_a_vep.vcf.gz.tbi",
                "vep/subject_a_vep.vcf.gz_summary.html"
            ],
            [
                "normal.cgh:md5,1474d79c5254e4ecfdc9e15ce13d7916",
                "tumor.cgh:md5,09c4fba0b534f86fc176fe2ccf00820d"
            ],
            [
                [
                    "subject_a.vcf.gz",
                    "VcfFile [chromosomes=[chr9, chr7, chr8, chrX, chr5, chr6, chr3, chr21, chr4, chr11, chr22, chr1, chr12, chr2, chr13, chr20, chr18, chr19, chr15, chr16, chr17], sampleCount=2, variantCount=103, phased=false, phasedAutodetect=false]"
                ],
                [
                    "subject_a_clinical.vcf.gz",
                    "VcfFile [chromosomes=[chr9, chr7, chr8, chrX, chr5, chr6, chr3, chr21, chr4, chr11, chr22, chr1, chr12, chr2, chr13, chr20, chr18, chr19, chr15, chr16, chr17], sampleCount=2, variantCount=103, phased=false, phasedAutodetect=false]"
                ],
                [
                    "subject_a_clinical.vcf.gz",
                    "VcfFile [chromosomes=[chr19, chr9, chr11], sampleCount=2, variantCount=6, phased=false, phasedAutodetect=false]"
                ],
                [
                    "subject_a_research.vcf.gz",
                    "VcfFile [chromosomes=[chr19, chr9, chr11], sampleCount=2, variantCount=6, phased=false, phasedAutodetect=false]"
                ],
                [
                    "subject_a_research.vcf.gz",
                    "VcfFile [chromosomes=[chr9, chr7, chr8, chrX, chr5, chr6, chr3, chr21, chr4, chr11, chr22, chr1, chr12, chr2, chr13, chr20, chr18, chr19, chr15, chr16, chr17], sampleCount=2, variantCount=103, phased=false, phasedAutodetect=false]"
                ],
                [
                    "subject_a_vcfanno.vcf.gz",
                    "VcfFile [chromosomes=[chr9, chr7, chr8, chrX, chr5, chr6, chr3, chr21, chr4, chr11, chr22, chr1, chr12, chr2, chr13, chr20, chr18, chr19, chr15, chr16, chr17], sampleCount=2, variantCount=103, phased=false, phasedAutodetect=false]"
                ],
                [
                    "subject_a_svdbquery_vep.vcf.gz",
                    "VcfFile [chromosomes=[chr19, chr9, chr11], sampleCount=2, variantCount=6, phased=false, phasedAutodetect=false]"
                ],
                [
                    "subject_a_vep.vcf.gz",
                    "VcfFile [chromosomes=[chr9, chr7, chr8, chrX, chr5, chr6, chr3, chr21, chr4, chr11, chr22, chr1, chr12, chr2, chr13, chr20, chr18, chr19, chr15, chr16, chr17], sampleCount=2, variantCount=103, phased=false, phasedAutodetect=false]"
                ]
            ],
            [
                [
                    "subject_a.vcf.gz",
                    "c4e094059322ba88b5e53d7b4913cceb"
                ],
                [
                    "subject_a_clinical.vcf.gz",
                    "c4e094059322ba88b5e53d7b4913cceb"
                ],
                [
                    "subject_a_clinical.vcf.gz",
                    "aca08367cdefe343d4d2a8c10a8633be"
                ],
                [
                    "subject_a_research.vcf.gz",
                    "5555fa260ad068c6b0c1704ac6ac933"
                ],
                [
                    "subject_a_research.vcf.gz",
                    "4cdfadaf39f5ed1c1d854226e6099c0d"
                ],
                [
                    "subject_a_vcfanno.vcf.gz",
                    "f79b3dd00e3a53231a4bbd52ebcc6d1d"
                ],
                [
                    "subject_a_svdbquery_vep.vcf.gz",
                    "aca08367cdefe343d4d2a8c10a8633be"
                ],
                [
                    "subject_a_vep.vcf.gz",
                    "c7dae0b238f6b5f4bf91c0682824f474"
                ]
            ]
        ],
        "timestamp": "2026-06-01T13:50:50.286939",
        "meta": {
            "nf-test": "0.9.5",
            "nextflow": "26.04.2"
        }
    }
}