{
    "Tumor Normal analysis with '-profile test' - stub": {
        "content": [
            {
                "ANNOTATE_VCF_BY_ID": {
                    "annotate_vcf_by_id": 1.0
                },
                "BCFTOOLS_VIEW": {
                    "bcftools": "1.23.1"
                },
                "BCFTOOLS_VIEW_CLINICAL": {
                    "bcftools": "1.23.1"
                },
                "BCFTOOLS_VIEW_RESEARCH": {
                    "bcftools": "1.23.1"
                },
                "COMBINE_LINX_TSV": {
                    "combine_linx_tsv": 1.0
                },
                "ENSEMBLVEP_VEP": {
                    "ensemblvep": 115.2,
                    "perl-math-cdf": 0.1,
                    "tabix": 1.21
                },
                "FILTER_VCF": {
                    "bcftools": "1.23.1"
                },
                "GENMOD_SCORE": {
                    "genmod": "3.10.2"
                },
                "PREPARE_AMBER_FOR_GENS": {
                    "bgzip": "(htslib) 1.23.1",
                    "prepare_amber_for_gens": "prepare_amber_for_gens, version 1.0",
                    "python": "Python 3.14.6",
                    "tabix": "(htslib) 1.23.1"
                },
                "PREPARE_COBALT_FOR_GENS": {
                    "bgzip": "(htslib) 1.23.1",
                    "prepare_cobalt_for_gens": "prepare_cobalt_for_gens, version 1.0",
                    "python": "Python 3.14.6",
                    "tabix": "(htslib) 1.23.1"
                },
                "RMARKDOWNNOTEBOOK": {
                    "rmarkdownnotebook": 2.29
                },
                "SAMTOOLS_VIEW": {
                    "samtools": "1.23.1"
                },
                "SVDB_QUERY": {
                    "svdb": "2.8.4"
                },
                "TIDDIT_COV": {
                    "tiddit": "3.9.5"
                },
                "UNTAR_VEP_CACHE": {
                    "untar": 1.34
                },
                "VCF2CYTOSURE": {
                    "vcf2cytosure": "0.10.0"
                },
                "VCFANNO": {
                    "vcfanno": "0.3.7"
                },
                "Workflow": {
                    "Clinical-Genomics/oncorefiner": "v1.0.0dev"
                }
            },
            [
                "alignments",
                "alignments/test_normal_sample_normal.cram",
                "alignments/test_normal_sample_normal.cram.crai",
                "alignments/test_tumor_sample_tumor.cram",
                "alignments/test_tumor_sample_tumor.cram.crai",
                "cnv",
                "cnv/test_tumor_normal_case_CNV_BAF_AMBER_FOR_GENS.normal.bed.gz",
                "cnv/test_tumor_normal_case_CNV_BAF_AMBER_FOR_GENS.normal.bed.gz.tbi",
                "cnv/test_tumor_normal_case_CNV_BAF_AMBER_FOR_GENS.tumor.bed.gz",
                "cnv/test_tumor_normal_case_CNV_BAF_AMBER_FOR_GENS.tumor.bed.gz.tbi",
                "cnv/test_tumor_normal_case_CNV_report.html",
                "cnv/test_tumor_normal_case_test_normal_sample_normal_CNV_COV_COBALT_FOR_GENS.bed.gz",
                "cnv/test_tumor_normal_case_test_normal_sample_normal_CNV_COV_COBALT_FOR_GENS.bed.gz.tbi",
                "cnv/test_tumor_normal_case_test_tumor_sample_tumor_CNV_COV_COBALT_FOR_GENS.bed.gz",
                "cnv/test_tumor_normal_case_test_tumor_sample_tumor_CNV_COV_COBALT_FOR_GENS.bed.gz.tbi",
                "multiqc",
                "multiqc/multiqc_data",
                "multiqc/multiqc_data/.stub",
                "multiqc/multiqc_plots",
                "multiqc/multiqc_plots/.stub",
                "multiqc/multiqc_report.html",
                "pipeline_info",
                "pipeline_info/oncorefiner_software_mqc_versions.yml",
                "snv",
                "snv/test_tumor_normal_case_SNV_annotated_vcfanno.vcf.gz",
                "snv/test_tumor_normal_case_SNV_annotated_vcfanno.vcf.gz.tbi",
                "snv/test_tumor_normal_case_SNV_annotated_vep.vcf.gz",
                "snv/test_tumor_normal_case_SNV_annotated_vep.vcf.gz.tbi",
                "snv/test_tumor_normal_case_SNV_annotated_vep_summary.html",
                "snv/test_tumor_normal_case_SNV_clinical_filtered_bcftools.vcf.gz",
                "snv/test_tumor_normal_case_SNV_clinical_filtered_bcftools.vcf.gz.tbi",
                "snv/test_tumor_normal_case_SNV_score_genmod.vcf.gz",
                "snv/test_tumor_normal_case_SNV_score_genmod.vcf.gz.tbi",
                "sv",
                "sv/test_tumor_normal_case_SV_annotated_vep.vcf.gz",
                "sv/test_tumor_normal_case_SV_annotated_vep.vcf.gz.tbi",
                "sv/test_tumor_normal_case_SV_annotated_vep_summary.html",
                "sv/test_tumor_normal_case_SV_clinical_filtered_bcftools.vcf.gz",
                "sv/test_tumor_normal_case_SV_clinical_filtered_bcftools.vcf.gz.tbi",
                "sv/test_tumor_normal_case_SV_score_genmod.vcf.gz",
                "sv/test_tumor_normal_case_SV_score_genmod.vcf.gz.tbi",
                "sv/test_tumor_normal_case_null_normal_SV_vcf2cytosure.cgh",
                "sv/test_tumor_normal_case_null_tumor_SV_vcf2cytosure.cgh"
            ]
        ],
        "timestamp": "2026-09-01T10:08:40.400025",
        "meta": {
            "nf-test": "0.9.5",
            "nextflow": "26.04.6"
        }
    },
    "Tumor Normal analysis with '-profile test'": {
        "content": [
            {
                "ANNOTATE_VCF_BY_ID": {
                    "annotate_vcf_by_id": 1.0
                },
                "BCFTOOLS_VIEW": {
                    "bcftools": "1.23.1"
                },
                "BCFTOOLS_VIEW_CLINICAL": {
                    "bcftools": "1.23.1"
                },
                "BCFTOOLS_VIEW_RESEARCH": {
                    "bcftools": "1.23.1"
                },
                "COMBINE_LINX_TSV": {
                    "combine_linx_tsv": 1.0
                },
                "ENSEMBLVEP_VEP": {
                    "ensemblvep": 115.2,
                    "perl-math-cdf": 0.1,
                    "tabix": 1.21
                },
                "FILTER_VCF": {
                    "bcftools": "1.23.1"
                },
                "GENMOD_SCORE": {
                    "genmod": "3.10.2"
                },
                "PREPARE_AMBER_FOR_GENS": {
                    "bgzip": "(htslib) 1.23.1",
                    "prepare_amber_for_gens": "prepare_amber_for_gens, version 1.0",
                    "python": "Python 3.14.6",
                    "tabix": "(htslib) 1.23.1"
                },
                "PREPARE_COBALT_FOR_GENS": {
                    "bgzip": "(htslib) 1.23.1",
                    "prepare_cobalt_for_gens": "prepare_cobalt_for_gens, version 1.0",
                    "python": "Python 3.14.6",
                    "tabix": "(htslib) 1.23.1"
                },
                "RMARKDOWNNOTEBOOK": {
                    "rmarkdownnotebook": 2.29
                },
                "SAMTOOLS_VIEW": {
                    "samtools": "1.23.1"
                },
                "SVDB_QUERY": {
                    "svdb": "2.8.4"
                },
                "TIDDIT_COV": {
                    "tiddit": "3.9.5"
                },
                "UNTAR_VEP_CACHE": {
                    "untar": 1.34
                },
                "VCF2CYTOSURE": {
                    "vcf2cytosure": "0.10.0"
                },
                "VCFANNO": {
                    "vcfanno": "0.3.7"
                },
                "Workflow": {
                    "Clinical-Genomics/oncorefiner": "v1.0.0dev"
                }
            },
            [
                "alignments",
                "alignments/test_normal_sample_normal.cram",
                "alignments/test_normal_sample_normal.cram.crai",
                "alignments/test_tumor_sample_tumor.cram",
                "alignments/test_tumor_sample_tumor.cram.crai",
                "cnv",
                "cnv/test_tumor_normal_case_CNV_BAF_AMBER_FOR_GENS.normal.bed.gz",
                "cnv/test_tumor_normal_case_CNV_BAF_AMBER_FOR_GENS.normal.bed.gz.tbi",
                "cnv/test_tumor_normal_case_CNV_BAF_AMBER_FOR_GENS.tumor.bed.gz",
                "cnv/test_tumor_normal_case_CNV_BAF_AMBER_FOR_GENS.tumor.bed.gz.tbi",
                "cnv/test_tumor_normal_case_CNV_report.html",
                "cnv/test_tumor_normal_case_test_normal_sample_normal_CNV_COV_COBALT_FOR_GENS.bed.gz",
                "cnv/test_tumor_normal_case_test_normal_sample_normal_CNV_COV_COBALT_FOR_GENS.bed.gz.tbi",
                "cnv/test_tumor_normal_case_test_tumor_sample_tumor_CNV_COV_COBALT_FOR_GENS.bed.gz",
                "cnv/test_tumor_normal_case_test_tumor_sample_tumor_CNV_COV_COBALT_FOR_GENS.bed.gz.tbi",
                "multiqc",
                "multiqc/multiqc_data",
                "multiqc/multiqc_data/llms-full.txt",
                "multiqc/multiqc_data/multiqc.log",
                "multiqc/multiqc_data/multiqc.parquet",
                "multiqc/multiqc_data/multiqc_citations.txt",
                "multiqc/multiqc_data/multiqc_data.json",
                "multiqc/multiqc_data/multiqc_software_versions.txt",
                "multiqc/multiqc_data/multiqc_sources.txt",
                "multiqc/multiqc_report.html",
                "pipeline_info",
                "pipeline_info/oncorefiner_software_mqc_versions.yml",
                "snv",
                "snv/test_tumor_normal_case_SNV_annotated_vcfanno.vcf.gz",
                "snv/test_tumor_normal_case_SNV_annotated_vcfanno.vcf.gz.tbi",
                "snv/test_tumor_normal_case_SNV_annotated_vep.vcf.gz",
                "snv/test_tumor_normal_case_SNV_annotated_vep.vcf.gz.tbi",
                "snv/test_tumor_normal_case_SNV_annotated_vep.vcf.gz_summary.html",
                "snv/test_tumor_normal_case_SNV_clinical_filtered_bcftools.vcf.gz",
                "snv/test_tumor_normal_case_SNV_clinical_filtered_bcftools.vcf.gz.tbi",
                "snv/test_tumor_normal_case_SNV_score_genmod.vcf.gz",
                "snv/test_tumor_normal_case_SNV_score_genmod.vcf.gz.tbi",
                "sv",
                "sv/test_tumor_normal_case_SV_annotated_vep.vcf.gz",
                "sv/test_tumor_normal_case_SV_annotated_vep.vcf.gz.tbi",
                "sv/test_tumor_normal_case_SV_annotated_vep.vcf.gz_summary.html",
                "sv/test_tumor_normal_case_SV_clinical_filtered_bcftools.vcf.gz",
                "sv/test_tumor_normal_case_SV_clinical_filtered_bcftools.vcf.gz.tbi",
                "sv/test_tumor_normal_case_SV_score_genmod.vcf.gz",
                "sv/test_tumor_normal_case_SV_score_genmod.vcf.gz.tbi",
                "sv/test_tumor_normal_case_null_normal_SV_vcf2cytosure.cgh",
                "sv/test_tumor_normal_case_null_tumor_SV_vcf2cytosure.cgh"
            ],
            [
                "test_tumor_normal_case_CNV_BAF_AMBER_FOR_GENS.normal.bed.gz:md5,cb7c9d7281611c8e7138ded59a681412",
                "test_tumor_normal_case_CNV_BAF_AMBER_FOR_GENS.normal.bed.gz.tbi:md5,d54ee75db6836f8851340d3761d3d7e6",
                "test_tumor_normal_case_CNV_BAF_AMBER_FOR_GENS.tumor.bed.gz:md5,87317df569141e8908d318197fc075af",
                "test_tumor_normal_case_CNV_BAF_AMBER_FOR_GENS.tumor.bed.gz.tbi:md5,b3b3d37cfa2318d1a8d70dfcd2bf15ce",
                "test_tumor_normal_case_test_normal_sample_normal_CNV_COV_COBALT_FOR_GENS.bed.gz:md5,d80e5d2edb1559d3e035c0739a8d172f",
                "test_tumor_normal_case_test_normal_sample_normal_CNV_COV_COBALT_FOR_GENS.bed.gz.tbi:md5,e62a830a3200cb6494dbb70d1c8ce166",
                "test_tumor_normal_case_test_tumor_sample_tumor_CNV_COV_COBALT_FOR_GENS.bed.gz:md5,5a34fb13829738c0742132bd11ff1219",
                "test_tumor_normal_case_test_tumor_sample_tumor_CNV_COV_COBALT_FOR_GENS.bed.gz.tbi:md5,436297c281deec1aa371e78b53e7e207",
                "test_tumor_normal_case_null_normal_SV_vcf2cytosure.cgh:md5,b8176da0ae8c06271ab66dc3fee4295c",
                "test_tumor_normal_case_null_tumor_SV_vcf2cytosure.cgh:md5,00306daf543f8e93184ec08c6a70e922"
            ],
            [
                [
                    "test_tumor_normal_case_SNV_annotated_vcfanno.vcf.gz",
                    "VcfFile [chromosomes=[chr9, chr7, chr8, chrX, chr5, chr6, chr3, chr21, chr4, chr11, chr22, chr1, chr12, chr2, chr13, chr20, chr18, chr19, chr15, chr16, chr17], sampleCount=2, variantCount=103, phased=false, phasedAutodetect=false]"
                ],
                [
                    "test_tumor_normal_case_SNV_annotated_vep.vcf.gz",
                    "VcfFile [chromosomes=[chr9, chr7, chr8, chrX, chr5, chr6, chr3, chr21, chr4, chr11, chr22, chr1, chr12, chr2, chr13, chr20, chr18, chr19, chr15, chr16, chr17], sampleCount=2, variantCount=103, phased=false, phasedAutodetect=false]"
                ],
                [
                    "test_tumor_normal_case_SNV_clinical_filtered_bcftools.vcf.gz",
                    "VcfFile [chromosomes=[chr9, chr7, chr8, chrX, chr5, chr6, chr3, chr21, chr4, chr11, chr22, chr1, chr12, chr2, chr13, chr20, chr18, chr19, chr15, chr16, chr17], sampleCount=2, variantCount=103, phased=false, phasedAutodetect=false]"
                ],
                [
                    "test_tumor_normal_case_SNV_score_genmod.vcf.gz",
                    "VcfFile [chromosomes=[chr9, chr7, chr8, chrX, chr5, chr6, chr3, chr21, chr4, chr11, chr22, chr1, chr12, chr2, chr13, chr20, chr18, chr19, chr15, chr16, chr17], sampleCount=2, variantCount=103, phased=false, phasedAutodetect=false]"
                ],
                [
                    "test_tumor_normal_case_SV_annotated_vep.vcf.gz",
                    "VcfFile [chromosomes=[chr19, chr9, chr11], sampleCount=2, variantCount=6, phased=false, phasedAutodetect=false]"
                ],
                [
                    "test_tumor_normal_case_SV_clinical_filtered_bcftools.vcf.gz",
                    "VcfFile [chromosomes=[chr19, chr9, chr11], sampleCount=2, variantCount=6, phased=false, phasedAutodetect=false]"
                ],
                [
                    "test_tumor_normal_case_SV_score_genmod.vcf.gz",
                    "VcfFile [chromosomes=[chr19, chr9, chr11], sampleCount=2, variantCount=6, phased=false, phasedAutodetect=false]"
                ]
            ],
            [
                [
                    "test_tumor_normal_case_SNV_annotated_vcfanno.vcf.gz",
                    "f79b3dd00e3a53231a4bbd52ebcc6d1d"
                ],
                [
                    "test_tumor_normal_case_SNV_annotated_vep.vcf.gz",
                    "c7dae0b238f6b5f4bf91c0682824f474"
                ],
                [
                    "test_tumor_normal_case_SNV_clinical_filtered_bcftools.vcf.gz",
                    "b3f08a4bb466307cfdb8b06231798637"
                ],
                [
                    "test_tumor_normal_case_SNV_score_genmod.vcf.gz",
                    "b3f08a4bb466307cfdb8b06231798637"
                ],
                [
                    "test_tumor_normal_case_SV_annotated_vep.vcf.gz",
                    "f92bc125c747cdbce5e5c6c2ff8b023a"
                ],
                [
                    "test_tumor_normal_case_SV_clinical_filtered_bcftools.vcf.gz",
                    "4c1869cefec5fbfc81c2b827dcf51387"
                ],
                [
                    "test_tumor_normal_case_SV_score_genmod.vcf.gz",
                    "4c1869cefec5fbfc81c2b827dcf51387"
                ]
            ]
        ],
        "timestamp": "2026-09-01T10:07:35.309299",
        "meta": {
            "nf-test": "0.9.5",
            "nextflow": "26.04.6"
        }
    }
}