{
    "Standardise ESVEE records, tumor-normal": {
        "content": [
            [
                [
                    {
                        "id": "test_esvee_reformat",
                        "case_id": "subject_a"
                    },
                    "test_esvee_reformat.standardised.vcf:variantsMD5,e2d11086ea09c9c23b034277dfd02a14"
                ]
            ],
            [
                [
                    {
                        "id": "test_esvee_reformat",
                        "case_id": "subject_a"
                    },
                    "test_esvee_reformat.standardised.report.tsv:md5,2d840e602f362cf106e0596313ba2f4b"
                ]
            ],
            {
                "versions": [
                    [
                        "STANDARDISE_ESVEE_RECORDS",
                        "standardise_esvee_records",
                        "1.0"
                    ]
                ]
            }
        ],
        "timestamp": "2026-08-28T14:59:57.649492",
        "meta": {
            "nf-test": "0.9.5",
            "nextflow": "26.04.6"
        }
    },
    "Standardise ESVEE records, tumor-only": {
        "content": [
            [
                [
                    {
                        "id": "test_esvee_reformat",
                        "case_id": "subject_a"
                    },
                    "test_esvee_reformat.standardised.vcf:variantsMD5,8bdbe5f0292b426c631dc07e289b9b41"
                ]
            ],
            [
                [
                    {
                        "id": "test_esvee_reformat",
                        "case_id": "subject_a"
                    },
                    "test_esvee_reformat.standardised.report.tsv:md5,2d840e602f362cf106e0596313ba2f4b"
                ]
            ],
            {
                "versions": [
                    [
                        "STANDARDISE_ESVEE_RECORDS",
                        "standardise_esvee_records",
                        "1.0"
                    ]
                ]
            }
        ],
        "timestamp": "2026-08-28T15:00:19.458325",
        "meta": {
            "nf-test": "0.9.5",
            "nextflow": "26.04.6"
        }
    }
}