{
    "Combine LINX TSVs, tumor-normal - stub": {
        "content": [
            [
                [
                    {
                        "id": "test",
                        "case_id": "test",
                        "sample_id": "subject_a",
                        "sample_type": "tumor_normal",
                        "sex": "female"
                    },
                    "test_linxcombined.tsv:md5,d41d8cd98f00b204e9800998ecf8427e"
                ]
            ],
            {
                "versions_combine_linx_tsv": [
                    [
                        "COMBINE_LINX_TSV",
                        "combine_linx_tsv",
                        "1.0"
                    ]
                ]
            }
        ],
        "timestamp": "2026-06-24T13:48:18.09344",
        "meta": {
            "nf-test": "0.9.5",
            "nextflow": "25.10.4"
        }
    },
    "Combine LINX TSVs, tumor-normal": {
        "content": [
            [
                [
                    {
                        "id": "test",
                        "case_id": "test",
                        "sample_id": "subject_a",
                        "sample_type": "tumor_normal",
                        "sex": "female"
                    },
                    "test_linxcombined.tsv:md5,ae1e0ecb9111096ff27545f03af70cc0"
                ]
            ],
            {
                "versions_combine_linx_tsv": [
                    [
                        "COMBINE_LINX_TSV",
                        "combine_linx_tsv",
                        "1.0"
                    ]
                ]
            }
        ],
        "timestamp": "2026-06-24T13:48:35.819594",
        "meta": {
            "nf-test": "0.9.5",
            "nextflow": "25.10.4"
        }
    }
}