{
    "Process CNVs, tumor-normal - stub": {
        "content": [
            [
                [
                    {
                        "id": "test",
                        "case_id": "test",
                        "sample_id": "subject_a",
                        "sample_type": "tumor_normal",
                        "sex": "female"
                    },
                    "test_cnv_report.html"
                ]
            ],
            {
                "versions": [
                    [
                        "PROCESS_CNVS:RMARKDOWNNOTEBOOK",
                        "rmarkdownnotebook",
                        "2.29"
                    ]
                ]
            }
        ],
        "timestamp": "2026-06-30T09:51:05.982261",
        "meta": {
            "nf-test": "0.9.5",
            "nextflow": "25.10.4"
        }
    },
    "Process CNVs, tumor-normal": {
        "content": [
            [
                [
                    {
                        "id": "test",
                        "case_id": "test",
                        "sample_id": "subject_a",
                        "sample_type": "tumor_normal",
                        "sex": "female"
                    },
                    "test_cnv_report.html"
                ]
            ],
            {
                "versions": [
                    [
                        "PROCESS_CNVS:RMARKDOWNNOTEBOOK",
                        "rmarkdownnotebook",
                        "2.29"
                    ]
                ]
            }
        ],
        "timestamp": "2026-06-30T09:51:00.468889",
        "meta": {
            "nf-test": "0.9.5",
            "nextflow": "25.10.4"
        }
    }
}