{
    "Process CNVs, tumor-normal - stub": {
        "content": [
            [
                [
                    {
                        "id": "test",
                        "case_id": "test",
                        "sample_id": "subject_a",
                        "sample_type": "tumor_normal",
                        "sex": "female"
                    },
                    "test_cnv_report.html"
                ]
            ],
            {
                "versions": [
                    
                ]
            }
        ],
        "timestamp": "2026-06-24T14:41:35.78546",
        "meta": {
            "nf-test": "0.9.5",
            "nextflow": "25.10.4"
        }
    },
    "Process CNVs, tumor-normal": {
        "content": [
            [
                [
                    {
                        "id": "test",
                        "case_id": "test",
                        "sample_id": "subject_a",
                        "sample_type": "tumor_normal",
                        "sex": "female"
                    },
                    "test_cnv_report.html"
                ]
            ],
            {
                "versions": [
                    
                ]
            }
        ],
        "timestamp": "2026-06-24T14:41:30.588535",
        "meta": {
            "nf-test": "0.9.5",
            "nextflow": "25.10.4"
        }
    }
}