{
    "with tumor-normal data": {
        "content": [
            [
                "process_svs",
                "process_svs/subject_a_clinical.vcf.gz",
                "process_svs/subject_a_clinical.vcf.gz.tbi",
                "process_svs/subject_a_linxannotated.vcf.gz",
                "process_svs/subject_a_linxannotated.vcf.gz.tbi",
                "process_svs/subject_a_linxcombined.tsv",
                "process_svs/subject_a_research.vcf.gz",
                "process_svs/subject_a_research.vcf.gz.tbi",
                "process_svs/subject_a_vcfdb_query.vcf",
                "vcf2cytosure",
                "vcf2cytosure/tumor.cgh",
                "vep",
                "vep/subject_a_svdbquery_vep.vcf.gz",
                "vep/subject_a_svdbquery_vep.vcf.gz.tbi",
                "vep/subject_a_svdbquery_vep.vcf.gz_summary.html"
            ],
            [
                [
                    "subject_a_clinical.vcf.gz",
                    "37e41e9f40fafde247690f6b053df866"
                ],
                [
                    "subject_a_linxannotated.vcf.gz",
                    "da36427a37c150dc78ef322d3841f4a1"
                ],
                [
                    "subject_a_research.vcf.gz",
                    "da36427a37c150dc78ef322d3841f4a1"
                ],
                [
                    "subject_a_svdbquery_vep.vcf.gz",
                    "37e41e9f40fafde247690f6b053df866"
                ]
            ],
            [
                [
                    "subject_a_vcfdb_query.vcf",
                    "da36427a37c150dc78ef322d3841f4a1"
                ]
            ]
        ],
        "timestamp": "2026-05-07T10:50:32.18893",
        "meta": {
            "nf-test": "0.9.5",
            "nextflow": "25.10.4"
        }
    },
    "with tumor-normal data - stub": {
        "content": [
            [
                "process_svs",
                "process_svs/subject_a_clinical.vcf.gz",
                "process_svs/subject_a_clinical.vcf.gz.tbi",
                "process_svs/subject_a_research.vcf.gz",
                "process_svs/subject_a_research.vcf.gz.tbi",
                "process_svs/subject_a_vcfdb_query.vcf",
                "vcf2cytosure",
                "vcf2cytosure/tumor.cgh",
                "vep",
                "vep/subject_a_svdbquery_vep.vcf.gz",
                "vep/subject_a_svdbquery_vep.vcf.gz.tbi",
                "vep/subject_a_svdbquery_vep_summary.html"
            ]
        ],
        "timestamp": "2026-06-01T15:11:38.518539",
        "meta": {
            "nf-test": "0.9.5",
            "nextflow": "26.04.2"
        }
    }
}