{
    "with tumor-normal data": {
        "content": [
            [
                [
                    {
                        "id": "subject_a",
                        "case_id": "test_tumor_normal_case"
                    },
                    "test_tumor_normal_case_SV_clinical_filtered_bcftools.vcf.gz:variantsMD5,4c1869cefec5fbfc81c2b827dcf51387"
                ],
                [
                    {
                        "id": "subject_a",
                        "case_id": "test_tumor_normal_case"
                    },
                    "test_tumor_normal_case_SV_score_genmod.vcf.gz:variantsMD5,4c1869cefec5fbfc81c2b827dcf51387"
                ],
                [
                    {
                        "id": "subject_a",
                        "case_id": "test_tumor_normal_case"
                    },
                    "test_tumor_normal_case_SV_annotated_vep.vcf.gz:variantsMD5,f92bc125c747cdbce5e5c6c2ff8b023a"
                ]
            ],
            [
                [
                    {
                        "id": "subject_a",
                        "case_id": "test_tumor_normal_case"
                    },
                    "test_tumor_normal_case_SV_clinical_filtered_bcftools.vcf.gz.tbi"
                ],
                [
                    {
                        "id": "subject_a",
                        "case_id": "test_tumor_normal_case"
                    },
                    "test_tumor_normal_case_SV_score_genmod.vcf.gz.tbi"
                ],
                [
                    {
                        "id": "subject_a",
                        "case_id": "test_tumor_normal_case"
                    },
                    "test_tumor_normal_case_SV_annotated_vep.vcf.gz.tbi"
                ]
            ],
            [
                [
                    {
                        "id": "subject_a",
                        "case_id": "test_tumor_normal_case"
                    },
                    "test_tumor_normal_case_null_normal_SV_vcf2cytosure.cgh"
                ],
                [
                    {
                        "id": "subject_a",
                        "case_id": "test_tumor_normal_case"
                    },
                    "test_tumor_normal_case_null_tumor_SV_vcf2cytosure.cgh"
                ]
            ],
            [
                [
                    {
                        "id": "subject_a",
                        "case_id": "test_tumor_normal_case"
                    },
                    "test_tumor_normal_case_SV_annotated_vep.vcf.gz_summary.html"
                ]
            ],
            {
                "versions": [
                    [
                        "PROCESS_SVS:BCFTOOLS_VIEW_CLINICAL",
                        "bcftools",
                        "1.23.1"
                    ],
                    [
                        "PROCESS_SVS:BCFTOOLS_VIEW_RESEARCH",
                        "bcftools",
                        "1.23.1"
                    ],
                    [
                        "PROCESS_SVS:ENSEMBLVEP_VEP",
                        "ensemblvep",
                        "115.2"
                    ],
                    [
                        "PROCESS_SVS:ENSEMBLVEP_VEP",
                        "perl-math-cdf",
                        "0.1"
                    ],
                    [
                        "PROCESS_SVS:ENSEMBLVEP_VEP",
                        "tabix",
                        "1.21"
                    ],
                    [
                        "PROCESS_SVS:GENERATE_CYTOSURE_FILES:FILTER_VCF",
                        "bcftools",
                        "1.23.1"
                    ],
                    [
                        "PROCESS_SVS:GENERATE_CYTOSURE_FILES:FILTER_VCF",
                        "bcftools",
                        "1.23.1"
                    ],
                    [
                        "PROCESS_SVS:GENERATE_CYTOSURE_FILES:TIDDIT_COV",
                        "tiddit",
                        "3.9.5"
                    ],
                    [
                        "PROCESS_SVS:GENERATE_CYTOSURE_FILES:TIDDIT_COV",
                        "tiddit",
                        "3.9.5"
                    ],
                    [
                        "PROCESS_SVS:GENERATE_CYTOSURE_FILES:VCF2CYTOSURE",
                        "vcf2cytosure",
                        "0.10.0"
                    ],
                    [
                        "PROCESS_SVS:GENERATE_CYTOSURE_FILES:VCF2CYTOSURE",
                        "vcf2cytosure",
                        "0.10.0"
                    ],
                    [
                        "PROCESS_SVS:SVDB_QUERY",
                        "svdb",
                        "2.8.4"
                    ],
                    [
                        "PROCESS_SVS:VCF_ANNOTATE_LINX_FUSIONS:ANNOTATE_VCF_BY_ID",
                        "annotate_vcf_by_id",
                        "1.0"
                    ],
                    [
                        "PROCESS_SVS:VCF_ANNOTATE_LINX_FUSIONS:COMBINE_LINX_TSV",
                        "combine_linx_tsv",
                        "1.0"
                    ],
                    [
                        "PROCESS_SVS:VCF_ANNOTATE_SCORE_GENMOD:BCFTOOLS_VIEW",
                        "bcftools",
                        "1.23.1"
                    ],
                    [
                        "PROCESS_SVS:VCF_ANNOTATE_SCORE_GENMOD:GENMOD_SCORE",
                        "genmod",
                        "3.10.2"
                    ],
                    [
                        "UNTAR_VEP_CACHE",
                        "untar",
                        "1.34"
                    ]
                ]
            }
        ],
        "timestamp": "2026-09-01T09:42:39.520957",
        "meta": {
            "nf-test": "0.9.5",
            "nextflow": "26.04.6"
        }
    },
    "with tumor-normal data - stub": {
        "content": [
            {
                "clinical_filtered_tbi": [
                    [
                        {
                            "id": "subject_a",
                            "case_id": "test_tumor_normal_case"
                        },
                        "test_tumor_normal_case_SV_clinical_filtered_bcftools.vcf.gz.tbi:md5,d41d8cd98f00b204e9800998ecf8427e"
                    ]
                ],
                "clinical_filtered_vcf": [
                    [
                        {
                            "id": "subject_a",
                            "case_id": "test_tumor_normal_case"
                        },
                        "test_tumor_normal_case_SV_clinical_filtered_bcftools.vcf.gz:md5,68b329da9893e34099c7d8ad5cb9c940"
                    ]
                ],
                "research_filtered_tbi": [
                    [
                        {
                            "id": "subject_a",
                            "case_id": "test_tumor_normal_case"
                        },
                        "test_tumor_normal_case_SV_score_genmod.vcf.gz.tbi:md5,d41d8cd98f00b204e9800998ecf8427e"
                    ]
                ],
                "research_filtered_vcf": [
                    [
                        {
                            "id": "subject_a",
                            "case_id": "test_tumor_normal_case"
                        },
                        "test_tumor_normal_case_SV_score_genmod.vcf.gz:md5,68b329da9893e34099c7d8ad5cb9c940"
                    ]
                ],
                "vcf2cytosure_cgh": [
                    [
                        {
                            "id": "subject_a",
                            "case_id": "test_tumor_normal_case"
                        },
                        "test_tumor_normal_case_null_normal_SV_vcf2cytosure.cgh:md5,d41d8cd98f00b204e9800998ecf8427e"
                    ],
                    [
                        {
                            "id": "subject_a",
                            "case_id": "test_tumor_normal_case"
                        },
                        "test_tumor_normal_case_null_tumor_SV_vcf2cytosure.cgh:md5,d41d8cd98f00b204e9800998ecf8427e"
                    ]
                ],
                "vep_annotated_tbi": [
                    [
                        {
                            "id": "subject_a",
                            "case_id": "test_tumor_normal_case"
                        },
                        "test_tumor_normal_case_SV_annotated_vep.vcf.gz.tbi:md5,d41d8cd98f00b204e9800998ecf8427e"
                    ]
                ],
                "vep_annotated_vcf": [
                    [
                        {
                            "id": "subject_a",
                            "case_id": "test_tumor_normal_case"
                        },
                        "test_tumor_normal_case_SV_annotated_vep.vcf.gz:md5,68b329da9893e34099c7d8ad5cb9c940"
                    ]
                ],
                "vep_report": [
                    [
                        {
                            "id": "subject_a",
                            "case_id": "test_tumor_normal_case"
                        },
                        "PROCESS_SVS:ENSEMBLVEP_VEP",
                        "ensemblvep",
                        "test_tumor_normal_case_SV_annotated_vep_summary.html:md5,d41d8cd98f00b204e9800998ecf8427e"
                    ]
                ]
            },
            {
                "versions": [
                    [
                        "PROCESS_SVS:BCFTOOLS_VIEW_CLINICAL",
                        "bcftools",
                        "1.23.1"
                    ],
                    [
                        "PROCESS_SVS:BCFTOOLS_VIEW_RESEARCH",
                        "bcftools",
                        "1.23.1"
                    ],
                    [
                        "PROCESS_SVS:ENSEMBLVEP_VEP",
                        "ensemblvep",
                        "115.2"
                    ],
                    [
                        "PROCESS_SVS:ENSEMBLVEP_VEP",
                        "perl-math-cdf",
                        "0.1"
                    ],
                    [
                        "PROCESS_SVS:ENSEMBLVEP_VEP",
                        "tabix",
                        "1.21"
                    ],
                    [
                        "PROCESS_SVS:GENERATE_CYTOSURE_FILES:FILTER_VCF",
                        "bcftools",
                        "1.23.1"
                    ],
                    [
                        "PROCESS_SVS:GENERATE_CYTOSURE_FILES:FILTER_VCF",
                        "bcftools",
                        "1.23.1"
                    ],
                    [
                        "PROCESS_SVS:GENERATE_CYTOSURE_FILES:TIDDIT_COV",
                        "tiddit",
                        "3.9.5"
                    ],
                    [
                        "PROCESS_SVS:GENERATE_CYTOSURE_FILES:TIDDIT_COV",
                        "tiddit",
                        "3.9.5"
                    ],
                    [
                        "PROCESS_SVS:GENERATE_CYTOSURE_FILES:VCF2CYTOSURE",
                        "vcf2cytosure",
                        "0.10.0"
                    ],
                    [
                        "PROCESS_SVS:GENERATE_CYTOSURE_FILES:VCF2CYTOSURE",
                        "vcf2cytosure",
                        "0.10.0"
                    ],
                    [
                        "PROCESS_SVS:SVDB_QUERY",
                        "svdb",
                        "2.8.4"
                    ],
                    [
                        "PROCESS_SVS:VCF_ANNOTATE_LINX_FUSIONS:ANNOTATE_VCF_BY_ID",
                        "annotate_vcf_by_id",
                        "1.0"
                    ],
                    [
                        "PROCESS_SVS:VCF_ANNOTATE_LINX_FUSIONS:COMBINE_LINX_TSV",
                        "combine_linx_tsv",
                        "1.0"
                    ],
                    [
                        "PROCESS_SVS:VCF_ANNOTATE_SCORE_GENMOD:BCFTOOLS_VIEW",
                        "bcftools",
                        "1.23.1"
                    ],
                    [
                        "PROCESS_SVS:VCF_ANNOTATE_SCORE_GENMOD:GENMOD_SCORE",
                        "genmod",
                        "3.10.2"
                    ],
                    [
                        "UNTAR_VEP_CACHE",
                        "untar",
                        "1.34"
                    ]
                ]
            }
        ],
        "timestamp": "2026-09-01T09:43:14.018571",
        "meta": {
            "nf-test": "0.9.5",
            "nextflow": "26.04.6"
        }
    }
}