{
    "with tumor-normal data": {
        "content": [
            [
                "annotate_sv",
                "annotate_sv/SV_svdbquery_vep.vcf.gz",
                "annotate_sv/SV_svdbquery_vep.vcf.gz.tbi",
                "annotate_sv/SV_svdbquery_vep.vcf.gz_summary.html",
                "clinical",
                "clinical/SV_clinical.vcf",
                "research",
                "research/SV_research.vcf",
                "svdb",
                "svdb/SV_vcfdb_query.vcf"
            ],
            [
                [
                    "SV_svdbquery_vep.vcf.gz",
                    "d41d8cd98f00b204e9800998ecf8427e"
                ]
            ],
            [
                [
                    "SV_clinical.vcf",
                    "d41d8cd98f00b204e9800998ecf8427e"
                ],
                [
                    "SV_research.vcf",
                    "d3195921a5814d10bd3a699bd683479d"
                ],
                [
                    "SV_vcfdb_query.vcf",
                    "7559ea2c61ade6ce29294682e9bab4ed"
                ]
            ]
        ],
        "meta": {
            "nf-test": "0.9.2",
            "nextflow": "25.10.0"
        },
        "timestamp": "2026-04-15T11:04:20.746079"
    }
}