{
    "Alignment files from Tumor sample and somatic SV vcf files from TN test data": {
        "content": [
            [
                "vcf2cytosure",
                "vcf2cytosure/tumor.cgh"
            ],
            [
                [
                    "tumor.cgh",
                    "3de27f40e256ee1861731cd6c6b27b6a"
                ]
            ]
        ],
        "meta": {
            "nf-test": "0.9.3",
            "nextflow": "25.10.4"
        },
        "timestamp": "2026-05-05T14:13:19.141836"
    }
}