{
    "Alignment files from Tumor sample and somatic SV vcf files from TN test data - stub": {
        "content": [
            [
                "vcf2cytosure",
                "vcf2cytosure/tumor.cgh"
            ]
        ],
        "timestamp": "2026-06-10T16:22:46.406031",
        "meta": {
            "nf-test": "0.9.5",
            "nextflow": "26.04.2"
        }
    },
    "Alignment files from Tumor sample and somatic SV vcf files from TN test data": {
        "content": [
            [
                "vcf2cytosure",
                "vcf2cytosure/tumor.cgh"
            ],
            [
                [
                    "tumor.cgh",
                    "dd4ac501252ca74cb364ae447ec6b3eb"
                ]
            ]
        ],
        "timestamp": "2026-06-10T16:22:34.537168",
        "meta": {
            "nf-test": "0.9.5",
            "nextflow": "26.04.2"
        }
    }
}