{
    "ANNOTATE_CADD - GRCh37, stub": {
        "content": [
            [
                [
                    {
                        "id": "test"
                    },
                    "subject_a_ann.vcf.gz:md5,68b329da9893e34099c7d8ad5cb9c940"
                ]
            ],
            [
                [
                    {
                        "id": "test"
                    },
                    "subject_a_ann.vcf.gz.tbi:md5,d41d8cd98f00b204e9800998ecf8427e"
                ]
            ]
        ],
        "meta": {
            "nf-test": "0.9.3",
            "nextflow": "25.10.4"
        },
        "timestamp": "2026-04-17T13:12:12.741306"
    },
    "ANNOTATE_CADD - GRCh38, stub": {
        "content": [
            [
                [
                    {
                        "id": "test"
                    },
                    "subject_a_indels_ann.vcf.gz:md5,68b329da9893e34099c7d8ad5cb9c940"
                ]
            ],
            [
                [
                    {
                        "id": "test"
                    },
                    "subject_a_indels_ann.vcf.gz.tbi:md5,d41d8cd98f00b204e9800998ecf8427e"
                ]
            ]
        ],
        "meta": {
            "nf-test": "0.9.3",
            "nextflow": "25.10.4"
        },
        "timestamp": "2026-04-17T13:12:21.913504"
    }
}