{
    "ANNOTATE_CADD - GRCh37, stub": {
        "content": [
            {
                "0": [
                    [
                        {
                            "id": "test"
                        },
                        "subject_a_ann.vcf.gz:md5,68b329da9893e34099c7d8ad5cb9c940"
                    ]
                ],
                "1": [
                    [
                        {
                            "id": "test"
                        },
                        "subject_a_ann.vcf.gz.tbi:md5,d41d8cd98f00b204e9800998ecf8427e"
                    ]
                ],
                "tbi": [
                    [
                        {
                            "id": "test"
                        },
                        "subject_a_ann.vcf.gz.tbi:md5,d41d8cd98f00b204e9800998ecf8427e"
                    ]
                ],
                "vcf": [
                    [
                        {
                            "id": "test"
                        },
                        "subject_a_ann.vcf.gz:md5,68b329da9893e34099c7d8ad5cb9c940"
                    ]
                ]
            }
        ],
        "meta": {
            "nf-test": "0.9.3",
            "nextflow": "25.10.4"
        },
        "timestamp": "2026-04-21T14:50:16.980447"
    },
    "ANNOTATE_CADD - GRCh38, stub": {
        "content": [
            {
                "0": [
                    [
                        {
                            "id": "test"
                        },
                        "subject_a_renamed_ann.vcf.gz:md5,68b329da9893e34099c7d8ad5cb9c940"
                    ]
                ],
                "1": [
                    [
                        {
                            "id": "test"
                        },
                        "subject_a_renamed_ann.vcf.gz.tbi:md5,d41d8cd98f00b204e9800998ecf8427e"
                    ]
                ],
                "tbi": [
                    [
                        {
                            "id": "test"
                        },
                        "subject_a_renamed_ann.vcf.gz.tbi:md5,d41d8cd98f00b204e9800998ecf8427e"
                    ]
                ],
                "vcf": [
                    [
                        {
                            "id": "test"
                        },
                        "subject_a_renamed_ann.vcf.gz:md5,68b329da9893e34099c7d8ad5cb9c940"
                    ]
                ]
            }
        ],
        "meta": {
            "nf-test": "0.9.3",
            "nextflow": "25.10.4"
        },
        "timestamp": "2026-04-21T14:50:26.527943"
    }
}