{
    "Annotate VCF with LINX tsv - stub": {
        "content": [
            {
                "0": [
                    [
                        {
                            "id": "test"
                        },
                        "test_linxannotated.vcf.gz:md5,68b329da9893e34099c7d8ad5cb9c940"
                    ]
                ],
                "1": [
                    [
                        {
                            "id": "test"
                        },
                        "test_linxannotated.vcf.gz.tbi:md5,d41d8cd98f00b204e9800998ecf8427e"
                    ]
                ],
                "tbi": [
                    [
                        {
                            "id": "test"
                        },
                        "test_linxannotated.vcf.gz.tbi:md5,d41d8cd98f00b204e9800998ecf8427e"
                    ]
                ],
                "vcf": [
                    [
                        {
                            "id": "test"
                        },
                        "test_linxannotated.vcf.gz:md5,68b329da9893e34099c7d8ad5cb9c940"
                    ]
                ]
            }
        ],
        "timestamp": "2026-06-30T15:16:22.047076",
        "meta": {
            "nf-test": "0.9.5",
            "nextflow": "25.10.4"
        }
    },
    "Annotate VCF with LINX tsv": {
        "content": [
            [
                [
                    {
                        "id": "test"
                    },
                    "test_linxannotated.vcf.gz",
                    ":variantsMD5,",
                    "da36427a37c150dc78ef322d3841f4a1"
                ]
            ],
            [
                [
                    {
                        "id": "test"
                    },
                    "test_linxannotated.vcf.gz.tbi"
                ]
            ],
            {
                "versions": [
                    [
                        "ANNOTATE_LINX:ANNOTATE_VCF_BY_ID",
                        "annotate_vcf_by_id",
                        "1.0"
                    ],
                    [
                        "ANNOTATE_LINX:COMBINE_LINX_TSV",
                        "combine_linx_tsv",
                        "1.0"
                    ]
                ]
            }
        ],
        "timestamp": "2026-06-30T14:52:10.672376",
        "meta": {
            "nf-test": "0.9.5",
            "nextflow": "25.10.4"
        }
    }
}