{
    "Annotate VCF with LINX tsv": {
        "content": [
            [
                [
                    {
                        "id": "test"
                    },
                    "test_linxannotated.vcf.gz",
                    ":variantsMD5,",
                    "da36427a37c150dc78ef322d3841f4a1"
                ]
            ],
            [
                [
                    {
                        "id": "test"
                    },
                    "test_linxannotated.vcf.gz.tbi"
                ]
            ],
            {
                "versions": [
                    [
                        "ANNOTATE_LINX:ANNOTATE_VCF_BY_ID",
                        "annotate_vcf_by_id",
                        "1.0"
                    ],
                    [
                        "ANNOTATE_LINX:COMBINE_LINX_TSV",
                        "combine_linx_tsv",
                        "1.0"
                    ]
                ]
            }
        ],
        "timestamp": "2026-06-30T14:52:10.672376",
        "meta": {
            "nf-test": "0.9.5",
            "nextflow": "25.10.4"
        }
    }
}