{
    "Prepare AMBER files for GENS, tumor-normal - stub": {
        "content": [
            {
                "0": [
                    [
                        {
                            "id": "test_amber_gens",
                            "case_id": "subject_a"
                        },
                        "test_amber_gens.tumor_normal.tumor.baf.zoom.tsv.gz:md5,68b329da9893e34099c7d8ad5cb9c940"
                    ]
                ],
                "1": [
                    [
                        {
                            "id": "test_amber_gens",
                            "case_id": "subject_a"
                        },
                        "test_amber_gens.tumor_normal.normal.baf.zoom.tsv.gz:md5,68b329da9893e34099c7d8ad5cb9c940"
                    ]
                ],
                "2": [
                    [
                        {
                            "id": "test_amber_gens",
                            "case_id": "subject_a"
                        },
                        "test_amber_gens.tumor_normal.tumor.baf.zoom.tsv.gz.tbi:md5,d41d8cd98f00b204e9800998ecf8427e"
                    ]
                ],
                "3": [
                    [
                        {
                            "id": "test_amber_gens",
                            "case_id": "subject_a"
                        },
                        "test_amber_gens.tumor_normal.normal.baf.zoom.tsv.gz.tbi:md5,d41d8cd98f00b204e9800998ecf8427e"
                    ]
                ],
                "4": [
                    [
                        "PREPARE_AMBER_FOR_GENS",
                        "prepare_amber_for_gens",
                        "1.0"
                    ]
                ],
                "normal_tbi": [
                    [
                        {
                            "id": "test_amber_gens",
                            "case_id": "subject_a"
                        },
                        "test_amber_gens.tumor_normal.normal.baf.zoom.tsv.gz.tbi:md5,d41d8cd98f00b204e9800998ecf8427e"
                    ]
                ],
                "normal_tsv": [
                    [
                        {
                            "id": "test_amber_gens",
                            "case_id": "subject_a"
                        },
                        "test_amber_gens.tumor_normal.normal.baf.zoom.tsv.gz:md5,68b329da9893e34099c7d8ad5cb9c940"
                    ]
                ],
                "tumor_tbi": [
                    [
                        {
                            "id": "test_amber_gens",
                            "case_id": "subject_a"
                        },
                        "test_amber_gens.tumor_normal.tumor.baf.zoom.tsv.gz.tbi:md5,d41d8cd98f00b204e9800998ecf8427e"
                    ]
                ],
                "tumor_tsv": [
                    [
                        {
                            "id": "test_amber_gens",
                            "case_id": "subject_a"
                        },
                        "test_amber_gens.tumor_normal.tumor.baf.zoom.tsv.gz:md5,68b329da9893e34099c7d8ad5cb9c940"
                    ]
                ],
                "versions_amber_for_gens": [
                    [
                        "PREPARE_AMBER_FOR_GENS",
                        "prepare_amber_for_gens",
                        "1.0"
                    ]
                ]
            }
        ],
        "timestamp": "2026-07-28T10:26:56.37487",
        "meta": {
            "nf-test": "0.9.5",
            "nextflow": "26.04.0"
        }
    },
    "Prepare AMBER files for GENS, tumor-normal": {
        "content": [
            [
                [
                    {
                        "id": "test_amber_gens",
                        "case_id": "subject_a"
                    },
                    "test_amber_gens.tumor_normal.normal.baf.zoom.tsv.gz:md5,cb7c9d7281611c8e7138ded59a681412"
                ],
                [
                    {
                        "id": "test_amber_gens",
                        "case_id": "subject_a"
                    },
                    "test_amber_gens.tumor_normal.tumor.baf.zoom.tsv.gz:md5,87317df569141e8908d318197fc075af"
                ]
            ],
            [
                [
                    {
                        "id": "test_amber_gens",
                        "case_id": "subject_a"
                    },
                    "test_amber_gens.tumor_normal.normal.baf.zoom.tsv.gz.tbi"
                ],
                [
                    {
                        "id": "test_amber_gens",
                        "case_id": "subject_a"
                    },
                    "test_amber_gens.tumor_normal.tumor.baf.zoom.tsv.gz.tbi"
                ]
            ],
            {
                "versions": [
                    [
                        "PREPARE_AMBER_FOR_GENS",
                        "prepare_amber_for_gens",
                        "1.0"
                    ]
                ]
            }
        ],
        "timestamp": "2026-07-28T11:09:16.113865",
        "meta": {
            "nf-test": "0.9.5",
            "nextflow": "26.04.0"
        }
    },
    "Prepare AMBER files for GENS, tumor-only": {
        "content": [
            [
                [
                    {
                        "id": "test_amber_gens",
                        "case_id": "subject_a"
                    },
                    "test_amber_gens.tumor_only.tumor.baf.zoom.tsv.gz:md5,ccb0b5ad7111f53c6d660e608af438ce"
                ]
            ],
            [
                [
                    {
                        "id": "test_amber_gens",
                        "case_id": "subject_a"
                    },
                    "test_amber_gens.tumor_only.tumor.baf.zoom.tsv.gz.tbi"
                ]
            ],
            {
                "versions": [
                    [
                        "PREPARE_AMBER_FOR_GENS",
                        "prepare_amber_for_gens",
                        "1.0"
                    ]
                ]
            }
        ],
        "timestamp": "2026-07-28T11:10:07.575104",
        "meta": {
            "nf-test": "0.9.5",
            "nextflow": "26.04.0"
        }
    },
    "Prepare AMBER files for GENS, tumor-only - stub": {
        "content": [
            {
                "0": [
                    [
                        {
                            "id": "test_amber_gens",
                            "case_id": "subject_a"
                        },
                        "test_amber_gens.tumor_only.tumor.baf.zoom.tsv.gz:md5,68b329da9893e34099c7d8ad5cb9c940"
                    ]
                ],
                "1": [
                    
                ],
                "2": [
                    [
                        {
                            "id": "test_amber_gens",
                            "case_id": "subject_a"
                        },
                        "test_amber_gens.tumor_only.tumor.baf.zoom.tsv.gz.tbi:md5,d41d8cd98f00b204e9800998ecf8427e"
                    ]
                ],
                "3": [
                    
                ],
                "4": [
                    [
                        "PREPARE_AMBER_FOR_GENS",
                        "prepare_amber_for_gens",
                        "1.0"
                    ]
                ],
                "normal_tbi": [
                    
                ],
                "normal_tsv": [
                    
                ],
                "tumor_tbi": [
                    [
                        {
                            "id": "test_amber_gens",
                            "case_id": "subject_a"
                        },
                        "test_amber_gens.tumor_only.tumor.baf.zoom.tsv.gz.tbi:md5,d41d8cd98f00b204e9800998ecf8427e"
                    ]
                ],
                "tumor_tsv": [
                    [
                        {
                            "id": "test_amber_gens",
                            "case_id": "subject_a"
                        },
                        "test_amber_gens.tumor_only.tumor.baf.zoom.tsv.gz:md5,68b329da9893e34099c7d8ad5cb9c940"
                    ]
                ],
                "versions_amber_for_gens": [
                    [
                        "PREPARE_AMBER_FOR_GENS",
                        "prepare_amber_for_gens",
                        "1.0"
                    ]
                ]
            }
        ],
        "timestamp": "2026-07-28T10:27:03.252189",
        "meta": {
            "nf-test": "0.9.5",
            "nextflow": "26.04.0"
        }
    }
}