{
    "Test preparing VEP cache: no untarring needed": {
        "content": [
            {
                "0": [
                    [
                        "/Clinical-Genomics/test-datasets/bc94db3a30d6194f4cebcb9480bf24b0600b4d23/reference/vep_cache_and_plugins"
                    ]
                ],
                "vep_resources": [
                    [
                        "/Clinical-Genomics/test-datasets/bc94db3a30d6194f4cebcb9480bf24b0600b4d23/reference/vep_cache_and_plugins"
                    ]
                ]
            }
        ],
        "meta": {
            "nf-test": "0.9.3",
            "nextflow": "25.10.4"
        },
        "timestamp": "2026-04-13T15:57:27.130425"
    },
    "Test preparing VEP cache: untarring needed": {
        "content": [
            [
                "untar",
                "untar/vep_cache"
            ]
        ],
        "meta": {
            "nf-test": "0.9.3",
            "nextflow": "25.10.4"
        },
        "timestamp": "2026-04-14T13:17:57.544364"
    }
}