{
    "Test preparing VEP cache: no untarring needed": {
        "content": [
            {
                "0": [
                    [
                        "/Clinical-Genomics/test-datasets/bc94db3a30d6194f4cebcb9480bf24b0600b4d23/reference/vep_cache_and_plugins"
                    ]
                ],
                "vep_resources": [
                    [
                        "/Clinical-Genomics/test-datasets/bc94db3a30d6194f4cebcb9480bf24b0600b4d23/reference/vep_cache_and_plugins"
                    ]
                ]
            }
        ],
        "meta": {
            "nf-test": "0.9.3",
            "nextflow": "25.10.4"
        },
        "timestamp": "2026-04-13T15:57:27.130425"
    },
    "Test preparing VEP cache: untarring needed": {
        "content": [
            [
                "untar",
                "untar/vep_cache",
                "untar/vep_cache/.DS_Store",
                "untar/vep_cache/._.DS_Store",
                "untar/vep_cache/._LoFtool_scores.txt",
                "untar/vep_cache/._Plugins",
                "untar/vep_cache/._fordownload",
                "untar/vep_cache/._homo_sapiens_merged",
                "untar/vep_cache/._pLI_values_107.txt",
                "untar/vep_cache/._spliceai_21_scores_raw_indel_-v1.3-.vcf.gz",
                "untar/vep_cache/._spliceai_21_scores_raw_indel_-v1.3-.vcf.gz.tbi",
                "untar/vep_cache/._spliceai_21_scores_raw_snv_-v1.3-.vcf.gz",
                "untar/vep_cache/._spliceai_21_scores_raw_snv_-v1.3-.vcf.gz.tbi",
                "untar/vep_cache/LoFtool_scores.txt",
                "untar/vep_cache/Plugins",
                "untar/vep_cache/Plugins/._LoFtool.pm",
                "untar/vep_cache/Plugins/._MaxEntScan.pm",
                "untar/vep_cache/Plugins/._SpliceAI.pm",
                "untar/vep_cache/Plugins/._dbNSFP.pm",
                "untar/vep_cache/Plugins/._pLI.pm",
                "untar/vep_cache/Plugins/._plugin_config.txt",
                "untar/vep_cache/Plugins/LoFtool.pm",
                "untar/vep_cache/Plugins/MaxEntScan.pm",
                "untar/vep_cache/Plugins/SpliceAI.pm",
                "untar/vep_cache/Plugins/dbNSFP.pm",
                "untar/vep_cache/Plugins/pLI.pm",
                "untar/vep_cache/Plugins/plugin_config.txt",
                "untar/vep_cache/fordownload",
                "untar/vep_cache/fordownload/._me2x5",
                "untar/vep_cache/fordownload/._score3.pl",
                "untar/vep_cache/fordownload/._score5.pl",
                "untar/vep_cache/fordownload/._splicemodels",
                "untar/vep_cache/fordownload/._test3",
                "untar/vep_cache/fordownload/._test5",
                "untar/vep_cache/fordownload/me2x5",
                "untar/vep_cache/fordownload/score3.pl",
                "untar/vep_cache/fordownload/score5.pl",
                "untar/vep_cache/fordownload/splicemodels",
                "untar/vep_cache/fordownload/splicemodels/._hashseq.m",
                "untar/vep_cache/fordownload/splicemodels/._hashseq.m~",
                "untar/vep_cache/fordownload/splicemodels/._me1s0acc1",
                "untar/vep_cache/fordownload/splicemodels/._me1s0acc2",
                "untar/vep_cache/fordownload/splicemodels/._me1s0acc3",
                "untar/vep_cache/fordownload/splicemodels/._me1s0acc4",
                "untar/vep_cache/fordownload/splicemodels/._me1s0acc5",
                "untar/vep_cache/fordownload/splicemodels/._me1s0acc6",
                "untar/vep_cache/fordownload/splicemodels/._me1s0acc7",
                "untar/vep_cache/fordownload/splicemodels/._me1s0acc8",
                "untar/vep_cache/fordownload/splicemodels/._me1s0acc9",
                "untar/vep_cache/fordownload/splicemodels/._me2s0",
                "untar/vep_cache/fordownload/splicemodels/._me2s0acc1",
                "untar/vep_cache/fordownload/splicemodels/._me2s0acc2",
                "untar/vep_cache/fordownload/splicemodels/._me2s0acc3",
                "untar/vep_cache/fordownload/splicemodels/._me2s0acc4",
                "untar/vep_cache/fordownload/splicemodels/._me2s0acc5",
                "untar/vep_cache/fordownload/splicemodels/._me2s0acc6",
                "untar/vep_cache/fordownload/splicemodels/._me2s0acc7",
                "untar/vep_cache/fordownload/splicemodels/._me2s0acc8",
                "untar/vep_cache/fordownload/splicemodels/._me2s0acc9",
                "untar/vep_cache/fordownload/splicemodels/._me2x3acc1",
                "untar/vep_cache/fordownload/splicemodels/._me2x3acc2",
                "untar/vep_cache/fordownload/splicemodels/._me2x3acc3",
                "untar/vep_cache/fordownload/splicemodels/._me2x3acc4",
                "untar/vep_cache/fordownload/splicemodels/._me2x3acc5",
                "untar/vep_cache/fordownload/splicemodels/._me2x3acc6",
                "untar/vep_cache/fordownload/splicemodels/._me2x3acc7",
                "untar/vep_cache/fordownload/splicemodels/._me2x3acc8",
                "untar/vep_cache/fordownload/splicemodels/._me2x3acc9",
                "untar/vep_cache/fordownload/splicemodels/._me2x5",
                "untar/vep_cache/fordownload/splicemodels/._splice5sequences",
                "untar/vep_cache/fordownload/splicemodels/hashseq.m",
                "untar/vep_cache/fordownload/splicemodels/hashseq.m~",
                "untar/vep_cache/fordownload/splicemodels/me1s0acc1",
                "untar/vep_cache/fordownload/splicemodels/me1s0acc2",
                "untar/vep_cache/fordownload/splicemodels/me1s0acc3",
                "untar/vep_cache/fordownload/splicemodels/me1s0acc4",
                "untar/vep_cache/fordownload/splicemodels/me1s0acc5",
                "untar/vep_cache/fordownload/splicemodels/me1s0acc6",
                "untar/vep_cache/fordownload/splicemodels/me1s0acc7",
                "untar/vep_cache/fordownload/splicemodels/me1s0acc8",
                "untar/vep_cache/fordownload/splicemodels/me1s0acc9",
                "untar/vep_cache/fordownload/splicemodels/me2s0",
                "untar/vep_cache/fordownload/splicemodels/me2s0acc1",
                "untar/vep_cache/fordownload/splicemodels/me2s0acc2",
                "untar/vep_cache/fordownload/splicemodels/me2s0acc3",
                "untar/vep_cache/fordownload/splicemodels/me2s0acc4",
                "untar/vep_cache/fordownload/splicemodels/me2s0acc5",
                "untar/vep_cache/fordownload/splicemodels/me2s0acc6",
                "untar/vep_cache/fordownload/splicemodels/me2s0acc7",
                "untar/vep_cache/fordownload/splicemodels/me2s0acc8",
                "untar/vep_cache/fordownload/splicemodels/me2s0acc9",
                "untar/vep_cache/fordownload/splicemodels/me2x3acc1",
                "untar/vep_cache/fordownload/splicemodels/me2x3acc2",
                "untar/vep_cache/fordownload/splicemodels/me2x3acc3",
                "untar/vep_cache/fordownload/splicemodels/me2x3acc4",
                "untar/vep_cache/fordownload/splicemodels/me2x3acc5",
                "untar/vep_cache/fordownload/splicemodels/me2x3acc6",
                "untar/vep_cache/fordownload/splicemodels/me2x3acc7",
                "untar/vep_cache/fordownload/splicemodels/me2x3acc8",
                "untar/vep_cache/fordownload/splicemodels/me2x3acc9",
                "untar/vep_cache/fordownload/splicemodels/me2x5",
                "untar/vep_cache/fordownload/splicemodels/splice5sequences",
                "untar/vep_cache/fordownload/test3",
                "untar/vep_cache/fordownload/test5",
                "untar/vep_cache/homo_sapiens_merged",
                "untar/vep_cache/homo_sapiens_merged/.DS_Store",
                "untar/vep_cache/homo_sapiens_merged/._.DS_Store",
                "untar/vep_cache/homo_sapiens_merged/._107_GRCh37",
                "untar/vep_cache/homo_sapiens_merged/107_GRCh37",
                "untar/vep_cache/homo_sapiens_merged/107_GRCh37/._21",
                "untar/vep_cache/homo_sapiens_merged/107_GRCh37/._LRG_152",
                "untar/vep_cache/homo_sapiens_merged/107_GRCh37/._LRG_18",
                "untar/vep_cache/homo_sapiens_merged/107_GRCh37/._LRG_290",
                "untar/vep_cache/homo_sapiens_merged/107_GRCh37/._LRG_291",
                "untar/vep_cache/homo_sapiens_merged/107_GRCh37/._LRG_475",
                "untar/vep_cache/homo_sapiens_merged/107_GRCh37/._LRG_476",
                "untar/vep_cache/homo_sapiens_merged/107_GRCh37/._LRG_482",
                "untar/vep_cache/homo_sapiens_merged/107_GRCh37/._LRG_67",
                "untar/vep_cache/homo_sapiens_merged/107_GRCh37/._LRG_76",
                "untar/vep_cache/homo_sapiens_merged/107_GRCh37/._MT",
                "untar/vep_cache/homo_sapiens_merged/107_GRCh37/._chr_synonyms.txt",
                "untar/vep_cache/homo_sapiens_merged/107_GRCh37/._info.txt",
                "untar/vep_cache/homo_sapiens_merged/107_GRCh37/21",
                "untar/vep_cache/homo_sapiens_merged/107_GRCh37/21/._1-1000000.gz",
                "untar/vep_cache/homo_sapiens_merged/107_GRCh37/21/._1-1000000_reg.gz",
                "untar/vep_cache/homo_sapiens_merged/107_GRCh37/21/._10000001-11000000.gz",
                "untar/vep_cache/homo_sapiens_merged/107_GRCh37/21/._10000001-11000000_reg.gz",
                "untar/vep_cache/homo_sapiens_merged/107_GRCh37/21/._1000001-2000000.gz",
                "untar/vep_cache/homo_sapiens_merged/107_GRCh37/21/._1000001-2000000_reg.gz",
                "untar/vep_cache/homo_sapiens_merged/107_GRCh37/21/._11000001-12000000.gz",
                "untar/vep_cache/homo_sapiens_merged/107_GRCh37/21/._11000001-12000000_reg.gz",
                "untar/vep_cache/homo_sapiens_merged/107_GRCh37/21/._12000001-13000000.gz",
                "untar/vep_cache/homo_sapiens_merged/107_GRCh37/21/._12000001-13000000_reg.gz",
                "untar/vep_cache/homo_sapiens_merged/107_GRCh37/21/._13000001-14000000.gz",
                "untar/vep_cache/homo_sapiens_merged/107_GRCh37/21/._13000001-14000000_reg.gz",
                "untar/vep_cache/homo_sapiens_merged/107_GRCh37/21/._14000001-15000000.gz",
                "untar/vep_cache/homo_sapiens_merged/107_GRCh37/21/._14000001-15000000_reg.gz",
                "untar/vep_cache/homo_sapiens_merged/107_GRCh37/21/._15000001-16000000.gz",
                "untar/vep_cache/homo_sapiens_merged/107_GRCh37/21/._15000001-16000000_reg.gz",
                "untar/vep_cache/homo_sapiens_merged/107_GRCh37/21/._16000001-17000000.gz",
                "untar/vep_cache/homo_sapiens_merged/107_GRCh37/21/._16000001-17000000_reg.gz",
                "untar/vep_cache/homo_sapiens_merged/107_GRCh37/21/._17000001-18000000.gz",
                "untar/vep_cache/homo_sapiens_merged/107_GRCh37/21/._17000001-18000000_reg.gz",
                "untar/vep_cache/homo_sapiens_merged/107_GRCh37/21/._18000001-19000000.gz",
                "untar/vep_cache/homo_sapiens_merged/107_GRCh37/21/._18000001-19000000_reg.gz",
                "untar/vep_cache/homo_sapiens_merged/107_GRCh37/21/._19000001-20000000.gz",
                "untar/vep_cache/homo_sapiens_merged/107_GRCh37/21/._19000001-20000000_reg.gz",
                "untar/vep_cache/homo_sapiens_merged/107_GRCh37/21/._20000001-21000000.gz",
                "untar/vep_cache/homo_sapiens_merged/107_GRCh37/21/._20000001-21000000_reg.gz",
                "untar/vep_cache/homo_sapiens_merged/107_GRCh37/21/._2000001-3000000.gz",
                "untar/vep_cache/homo_sapiens_merged/107_GRCh37/21/._2000001-3000000_reg.gz",
                "untar/vep_cache/homo_sapiens_merged/107_GRCh37/21/._21000001-22000000.gz",
                "untar/vep_cache/homo_sapiens_merged/107_GRCh37/21/._21000001-22000000_reg.gz",
                "untar/vep_cache/homo_sapiens_merged/107_GRCh37/21/._22000001-23000000.gz",
                "untar/vep_cache/homo_sapiens_merged/107_GRCh37/21/._22000001-23000000_reg.gz",
                "untar/vep_cache/homo_sapiens_merged/107_GRCh37/21/._23000001-24000000.gz",
                "untar/vep_cache/homo_sapiens_merged/107_GRCh37/21/._23000001-24000000_reg.gz",
                "untar/vep_cache/homo_sapiens_merged/107_GRCh37/21/._24000001-25000000.gz",
                "untar/vep_cache/homo_sapiens_merged/107_GRCh37/21/._24000001-25000000_reg.gz",
                "untar/vep_cache/homo_sapiens_merged/107_GRCh37/21/._25000001-26000000.gz",
                "untar/vep_cache/homo_sapiens_merged/107_GRCh37/21/._25000001-26000000_reg.gz",
                "untar/vep_cache/homo_sapiens_merged/107_GRCh37/21/._26000001-27000000.gz",
                "untar/vep_cache/homo_sapiens_merged/107_GRCh37/21/._26000001-27000000_reg.gz",
                "untar/vep_cache/homo_sapiens_merged/107_GRCh37/21/._27000001-28000000.gz",
                "untar/vep_cache/homo_sapiens_merged/107_GRCh37/21/._27000001-28000000_reg.gz",
                "untar/vep_cache/homo_sapiens_merged/107_GRCh37/21/._28000001-29000000.gz",
                "untar/vep_cache/homo_sapiens_merged/107_GRCh37/21/._28000001-29000000_reg.gz",
                "untar/vep_cache/homo_sapiens_merged/107_GRCh37/21/._29000001-30000000.gz",
                "untar/vep_cache/homo_sapiens_merged/107_GRCh37/21/._29000001-30000000_reg.gz",
                "untar/vep_cache/homo_sapiens_merged/107_GRCh37/21/._30000001-31000000.gz",
                "untar/vep_cache/homo_sapiens_merged/107_GRCh37/21/._30000001-31000000_reg.gz",
                "untar/vep_cache/homo_sapiens_merged/107_GRCh37/21/._3000001-4000000.gz",
                "untar/vep_cache/homo_sapiens_merged/107_GRCh37/21/._3000001-4000000_reg.gz",
                "untar/vep_cache/homo_sapiens_merged/107_GRCh37/21/._31000001-32000000.gz",
                "untar/vep_cache/homo_sapiens_merged/107_GRCh37/21/._31000001-32000000_reg.gz",
                "untar/vep_cache/homo_sapiens_merged/107_GRCh37/21/._32000001-33000000.gz",
                "untar/vep_cache/homo_sapiens_merged/107_GRCh37/21/._32000001-33000000_reg.gz",
                "untar/vep_cache/homo_sapiens_merged/107_GRCh37/21/._33000001-34000000.gz",
                "untar/vep_cache/homo_sapiens_merged/107_GRCh37/21/._33000001-34000000_reg.gz",
                "untar/vep_cache/homo_sapiens_merged/107_GRCh37/21/._34000001-35000000.gz",
                "untar/vep_cache/homo_sapiens_merged/107_GRCh37/21/._34000001-35000000_reg.gz",
                "untar/vep_cache/homo_sapiens_merged/107_GRCh37/21/._35000001-36000000.gz",
                "untar/vep_cache/homo_sapiens_merged/107_GRCh37/21/._35000001-36000000_reg.gz",
                "untar/vep_cache/homo_sapiens_merged/107_GRCh37/21/._36000001-37000000.gz",
                "untar/vep_cache/homo_sapiens_merged/107_GRCh37/21/._36000001-37000000_reg.gz",
                "untar/vep_cache/homo_sapiens_merged/107_GRCh37/21/._37000001-38000000.gz",
                "untar/vep_cache/homo_sapiens_merged/107_GRCh37/21/._37000001-38000000_reg.gz",
                "untar/vep_cache/homo_sapiens_merged/107_GRCh37/21/._38000001-39000000.gz",
                "untar/vep_cache/homo_sapiens_merged/107_GRCh37/21/._38000001-39000000_reg.gz",
                "untar/vep_cache/homo_sapiens_merged/107_GRCh37/21/._39000001-40000000.gz",
                "untar/vep_cache/homo_sapiens_merged/107_GRCh37/21/._39000001-40000000_reg.gz",
                "untar/vep_cache/homo_sapiens_merged/107_GRCh37/21/._40000001-41000000.gz",
                "untar/vep_cache/homo_sapiens_merged/107_GRCh37/21/._40000001-41000000_reg.gz",
                "untar/vep_cache/homo_sapiens_merged/107_GRCh37/21/._4000001-5000000.gz",
                "untar/vep_cache/homo_sapiens_merged/107_GRCh37/21/._4000001-5000000_reg.gz",
                "untar/vep_cache/homo_sapiens_merged/107_GRCh37/21/._41000001-42000000.gz",
                "untar/vep_cache/homo_sapiens_merged/107_GRCh37/21/._41000001-42000000_reg.gz",
                "untar/vep_cache/homo_sapiens_merged/107_GRCh37/21/._42000001-43000000.gz",
                "untar/vep_cache/homo_sapiens_merged/107_GRCh37/21/._42000001-43000000_reg.gz",
                "untar/vep_cache/homo_sapiens_merged/107_GRCh37/21/._43000001-44000000.gz",
                "untar/vep_cache/homo_sapiens_merged/107_GRCh37/21/._43000001-44000000_reg.gz",
                "untar/vep_cache/homo_sapiens_merged/107_GRCh37/21/._44000001-45000000.gz",
                "untar/vep_cache/homo_sapiens_merged/107_GRCh37/21/._44000001-45000000_reg.gz",
                "untar/vep_cache/homo_sapiens_merged/107_GRCh37/21/._45000001-46000000.gz",
                "untar/vep_cache/homo_sapiens_merged/107_GRCh37/21/._45000001-46000000_reg.gz",
                "untar/vep_cache/homo_sapiens_merged/107_GRCh37/21/._46000001-47000000.gz",
                "untar/vep_cache/homo_sapiens_merged/107_GRCh37/21/._46000001-47000000_reg.gz",
                "untar/vep_cache/homo_sapiens_merged/107_GRCh37/21/._47000001-48000000.gz",
                "untar/vep_cache/homo_sapiens_merged/107_GRCh37/21/._47000001-48000000_reg.gz",
                "untar/vep_cache/homo_sapiens_merged/107_GRCh37/21/._48000001-49000000.gz",
                "untar/vep_cache/homo_sapiens_merged/107_GRCh37/21/._48000001-49000000_reg.gz",
                "untar/vep_cache/homo_sapiens_merged/107_GRCh37/21/._5000001-6000000.gz",
                "untar/vep_cache/homo_sapiens_merged/107_GRCh37/21/._5000001-6000000_reg.gz",
                "untar/vep_cache/homo_sapiens_merged/107_GRCh37/21/._6000001-7000000.gz",
                "untar/vep_cache/homo_sapiens_merged/107_GRCh37/21/._6000001-7000000_reg.gz",
                "untar/vep_cache/homo_sapiens_merged/107_GRCh37/21/._7000001-8000000.gz",
                "untar/vep_cache/homo_sapiens_merged/107_GRCh37/21/._7000001-8000000_reg.gz",
                "untar/vep_cache/homo_sapiens_merged/107_GRCh37/21/._8000001-9000000.gz",
                "untar/vep_cache/homo_sapiens_merged/107_GRCh37/21/._8000001-9000000_reg.gz",
                "untar/vep_cache/homo_sapiens_merged/107_GRCh37/21/._9000001-10000000.gz",
                "untar/vep_cache/homo_sapiens_merged/107_GRCh37/21/._9000001-10000000_reg.gz",
                "untar/vep_cache/homo_sapiens_merged/107_GRCh37/21/._all_vars.gz",
                "untar/vep_cache/homo_sapiens_merged/107_GRCh37/21/._all_vars.gz.csi",
                "untar/vep_cache/homo_sapiens_merged/107_GRCh37/21/1-1000000.gz",
                "untar/vep_cache/homo_sapiens_merged/107_GRCh37/21/1-1000000_reg.gz",
                "untar/vep_cache/homo_sapiens_merged/107_GRCh37/21/10000001-11000000.gz",
                "untar/vep_cache/homo_sapiens_merged/107_GRCh37/21/10000001-11000000_reg.gz",
                "untar/vep_cache/homo_sapiens_merged/107_GRCh37/21/1000001-2000000.gz",
                "untar/vep_cache/homo_sapiens_merged/107_GRCh37/21/1000001-2000000_reg.gz",
                "untar/vep_cache/homo_sapiens_merged/107_GRCh37/21/11000001-12000000.gz",
                "untar/vep_cache/homo_sapiens_merged/107_GRCh37/21/11000001-12000000_reg.gz",
                "untar/vep_cache/homo_sapiens_merged/107_GRCh37/21/12000001-13000000.gz",
                "untar/vep_cache/homo_sapiens_merged/107_GRCh37/21/12000001-13000000_reg.gz",
                "untar/vep_cache/homo_sapiens_merged/107_GRCh37/21/13000001-14000000.gz",
                "untar/vep_cache/homo_sapiens_merged/107_GRCh37/21/13000001-14000000_reg.gz",
                "untar/vep_cache/homo_sapiens_merged/107_GRCh37/21/14000001-15000000.gz",
                "untar/vep_cache/homo_sapiens_merged/107_GRCh37/21/14000001-15000000_reg.gz",
                "untar/vep_cache/homo_sapiens_merged/107_GRCh37/21/15000001-16000000.gz",
                "untar/vep_cache/homo_sapiens_merged/107_GRCh37/21/15000001-16000000_reg.gz",
                "untar/vep_cache/homo_sapiens_merged/107_GRCh37/21/16000001-17000000.gz",
                "untar/vep_cache/homo_sapiens_merged/107_GRCh37/21/16000001-17000000_reg.gz",
                "untar/vep_cache/homo_sapiens_merged/107_GRCh37/21/17000001-18000000.gz",
                "untar/vep_cache/homo_sapiens_merged/107_GRCh37/21/17000001-18000000_reg.gz",
                "untar/vep_cache/homo_sapiens_merged/107_GRCh37/21/18000001-19000000.gz",
                "untar/vep_cache/homo_sapiens_merged/107_GRCh37/21/18000001-19000000_reg.gz",
                "untar/vep_cache/homo_sapiens_merged/107_GRCh37/21/19000001-20000000.gz",
                "untar/vep_cache/homo_sapiens_merged/107_GRCh37/21/19000001-20000000_reg.gz",
                "untar/vep_cache/homo_sapiens_merged/107_GRCh37/21/20000001-21000000.gz",
                "untar/vep_cache/homo_sapiens_merged/107_GRCh37/21/20000001-21000000_reg.gz",
                "untar/vep_cache/homo_sapiens_merged/107_GRCh37/21/2000001-3000000.gz",
                "untar/vep_cache/homo_sapiens_merged/107_GRCh37/21/2000001-3000000_reg.gz",
                "untar/vep_cache/homo_sapiens_merged/107_GRCh37/21/21000001-22000000.gz",
                "untar/vep_cache/homo_sapiens_merged/107_GRCh37/21/21000001-22000000_reg.gz",
                "untar/vep_cache/homo_sapiens_merged/107_GRCh37/21/22000001-23000000.gz",
                "untar/vep_cache/homo_sapiens_merged/107_GRCh37/21/22000001-23000000_reg.gz",
                "untar/vep_cache/homo_sapiens_merged/107_GRCh37/21/23000001-24000000.gz",
                "untar/vep_cache/homo_sapiens_merged/107_GRCh37/21/23000001-24000000_reg.gz",
                "untar/vep_cache/homo_sapiens_merged/107_GRCh37/21/24000001-25000000.gz",
                "untar/vep_cache/homo_sapiens_merged/107_GRCh37/21/24000001-25000000_reg.gz",
                "untar/vep_cache/homo_sapiens_merged/107_GRCh37/21/25000001-26000000.gz",
                "untar/vep_cache/homo_sapiens_merged/107_GRCh37/21/25000001-26000000_reg.gz",
                "untar/vep_cache/homo_sapiens_merged/107_GRCh37/21/26000001-27000000.gz",
                "untar/vep_cache/homo_sapiens_merged/107_GRCh37/21/26000001-27000000_reg.gz",
                "untar/vep_cache/homo_sapiens_merged/107_GRCh37/21/27000001-28000000.gz",
                "untar/vep_cache/homo_sapiens_merged/107_GRCh37/21/27000001-28000000_reg.gz",
                "untar/vep_cache/homo_sapiens_merged/107_GRCh37/21/28000001-29000000.gz",
                "untar/vep_cache/homo_sapiens_merged/107_GRCh37/21/28000001-29000000_reg.gz",
                "untar/vep_cache/homo_sapiens_merged/107_GRCh37/21/29000001-30000000.gz",
                "untar/vep_cache/homo_sapiens_merged/107_GRCh37/21/29000001-30000000_reg.gz",
                "untar/vep_cache/homo_sapiens_merged/107_GRCh37/21/30000001-31000000.gz",
                "untar/vep_cache/homo_sapiens_merged/107_GRCh37/21/30000001-31000000_reg.gz",
                "untar/vep_cache/homo_sapiens_merged/107_GRCh37/21/3000001-4000000.gz",
                "untar/vep_cache/homo_sapiens_merged/107_GRCh37/21/3000001-4000000_reg.gz",
                "untar/vep_cache/homo_sapiens_merged/107_GRCh37/21/31000001-32000000.gz",
                "untar/vep_cache/homo_sapiens_merged/107_GRCh37/21/31000001-32000000_reg.gz",
                "untar/vep_cache/homo_sapiens_merged/107_GRCh37/21/32000001-33000000.gz",
                "untar/vep_cache/homo_sapiens_merged/107_GRCh37/21/32000001-33000000_reg.gz",
                "untar/vep_cache/homo_sapiens_merged/107_GRCh37/21/33000001-34000000.gz",
                "untar/vep_cache/homo_sapiens_merged/107_GRCh37/21/33000001-34000000_reg.gz",
                "untar/vep_cache/homo_sapiens_merged/107_GRCh37/21/34000001-35000000.gz",
                "untar/vep_cache/homo_sapiens_merged/107_GRCh37/21/34000001-35000000_reg.gz",
                "untar/vep_cache/homo_sapiens_merged/107_GRCh37/21/35000001-36000000.gz",
                "untar/vep_cache/homo_sapiens_merged/107_GRCh37/21/35000001-36000000_reg.gz",
                "untar/vep_cache/homo_sapiens_merged/107_GRCh37/21/36000001-37000000.gz",
                "untar/vep_cache/homo_sapiens_merged/107_GRCh37/21/36000001-37000000_reg.gz",
                "untar/vep_cache/homo_sapiens_merged/107_GRCh37/21/37000001-38000000.gz",
                "untar/vep_cache/homo_sapiens_merged/107_GRCh37/21/37000001-38000000_reg.gz",
                "untar/vep_cache/homo_sapiens_merged/107_GRCh37/21/38000001-39000000.gz",
                "untar/vep_cache/homo_sapiens_merged/107_GRCh37/21/38000001-39000000_reg.gz",
                "untar/vep_cache/homo_sapiens_merged/107_GRCh37/21/39000001-40000000.gz",
                "untar/vep_cache/homo_sapiens_merged/107_GRCh37/21/39000001-40000000_reg.gz",
                "untar/vep_cache/homo_sapiens_merged/107_GRCh37/21/40000001-41000000.gz",
                "untar/vep_cache/homo_sapiens_merged/107_GRCh37/21/40000001-41000000_reg.gz",
                "untar/vep_cache/homo_sapiens_merged/107_GRCh37/21/4000001-5000000.gz",
                "untar/vep_cache/homo_sapiens_merged/107_GRCh37/21/4000001-5000000_reg.gz",
                "untar/vep_cache/homo_sapiens_merged/107_GRCh37/21/41000001-42000000.gz",
                "untar/vep_cache/homo_sapiens_merged/107_GRCh37/21/41000001-42000000_reg.gz",
                "untar/vep_cache/homo_sapiens_merged/107_GRCh37/21/42000001-43000000.gz",
                "untar/vep_cache/homo_sapiens_merged/107_GRCh37/21/42000001-43000000_reg.gz",
                "untar/vep_cache/homo_sapiens_merged/107_GRCh37/21/43000001-44000000.gz",
                "untar/vep_cache/homo_sapiens_merged/107_GRCh37/21/43000001-44000000_reg.gz",
                "untar/vep_cache/homo_sapiens_merged/107_GRCh37/21/44000001-45000000.gz",
                "untar/vep_cache/homo_sapiens_merged/107_GRCh37/21/44000001-45000000_reg.gz",
                "untar/vep_cache/homo_sapiens_merged/107_GRCh37/21/45000001-46000000.gz",
                "untar/vep_cache/homo_sapiens_merged/107_GRCh37/21/45000001-46000000_reg.gz",
                "untar/vep_cache/homo_sapiens_merged/107_GRCh37/21/46000001-47000000.gz",
                "untar/vep_cache/homo_sapiens_merged/107_GRCh37/21/46000001-47000000_reg.gz",
                "untar/vep_cache/homo_sapiens_merged/107_GRCh37/21/47000001-48000000.gz",
                "untar/vep_cache/homo_sapiens_merged/107_GRCh37/21/47000001-48000000_reg.gz",
                "untar/vep_cache/homo_sapiens_merged/107_GRCh37/21/48000001-49000000.gz",
                "untar/vep_cache/homo_sapiens_merged/107_GRCh37/21/48000001-49000000_reg.gz",
                "untar/vep_cache/homo_sapiens_merged/107_GRCh37/21/5000001-6000000.gz",
                "untar/vep_cache/homo_sapiens_merged/107_GRCh37/21/5000001-6000000_reg.gz",
                "untar/vep_cache/homo_sapiens_merged/107_GRCh37/21/6000001-7000000.gz",
                "untar/vep_cache/homo_sapiens_merged/107_GRCh37/21/6000001-7000000_reg.gz",
                "untar/vep_cache/homo_sapiens_merged/107_GRCh37/21/7000001-8000000.gz",
                "untar/vep_cache/homo_sapiens_merged/107_GRCh37/21/7000001-8000000_reg.gz",
                "untar/vep_cache/homo_sapiens_merged/107_GRCh37/21/8000001-9000000.gz",
                "untar/vep_cache/homo_sapiens_merged/107_GRCh37/21/8000001-9000000_reg.gz",
                "untar/vep_cache/homo_sapiens_merged/107_GRCh37/21/9000001-10000000.gz",
                "untar/vep_cache/homo_sapiens_merged/107_GRCh37/21/9000001-10000000_reg.gz",
                "untar/vep_cache/homo_sapiens_merged/107_GRCh37/21/all_vars.gz",
                "untar/vep_cache/homo_sapiens_merged/107_GRCh37/21/all_vars.gz.csi",
                "untar/vep_cache/homo_sapiens_merged/107_GRCh37/LRG_152",
                "untar/vep_cache/homo_sapiens_merged/107_GRCh37/LRG_152/._1-1000000.gz",
                "untar/vep_cache/homo_sapiens_merged/107_GRCh37/LRG_152/._1-1000000_reg.gz",
                "untar/vep_cache/homo_sapiens_merged/107_GRCh37/LRG_152/._all_vars.gz",
                "untar/vep_cache/homo_sapiens_merged/107_GRCh37/LRG_152/._all_vars.gz.csi",
                "untar/vep_cache/homo_sapiens_merged/107_GRCh37/LRG_152/1-1000000.gz",
                "untar/vep_cache/homo_sapiens_merged/107_GRCh37/LRG_152/1-1000000_reg.gz",
                "untar/vep_cache/homo_sapiens_merged/107_GRCh37/LRG_152/all_vars.gz",
                "untar/vep_cache/homo_sapiens_merged/107_GRCh37/LRG_152/all_vars.gz.csi",
                "untar/vep_cache/homo_sapiens_merged/107_GRCh37/LRG_18",
                "untar/vep_cache/homo_sapiens_merged/107_GRCh37/LRG_18/._1-1000000.gz",
                "untar/vep_cache/homo_sapiens_merged/107_GRCh37/LRG_18/._1-1000000_reg.gz",
                "untar/vep_cache/homo_sapiens_merged/107_GRCh37/LRG_18/._all_vars.gz",
                "untar/vep_cache/homo_sapiens_merged/107_GRCh37/LRG_18/._all_vars.gz.csi",
                "untar/vep_cache/homo_sapiens_merged/107_GRCh37/LRG_18/1-1000000.gz",
                "untar/vep_cache/homo_sapiens_merged/107_GRCh37/LRG_18/1-1000000_reg.gz",
                "untar/vep_cache/homo_sapiens_merged/107_GRCh37/LRG_18/all_vars.gz",
                "untar/vep_cache/homo_sapiens_merged/107_GRCh37/LRG_18/all_vars.gz.csi",
                "untar/vep_cache/homo_sapiens_merged/107_GRCh37/LRG_290",
                "untar/vep_cache/homo_sapiens_merged/107_GRCh37/LRG_290/._1-1000000.gz",
                "untar/vep_cache/homo_sapiens_merged/107_GRCh37/LRG_290/._1-1000000_reg.gz",
                "untar/vep_cache/homo_sapiens_merged/107_GRCh37/LRG_290/._all_vars.gz",
                "untar/vep_cache/homo_sapiens_merged/107_GRCh37/LRG_290/._all_vars.gz.csi",
                "untar/vep_cache/homo_sapiens_merged/107_GRCh37/LRG_290/1-1000000.gz",
                "untar/vep_cache/homo_sapiens_merged/107_GRCh37/LRG_290/1-1000000_reg.gz",
                "untar/vep_cache/homo_sapiens_merged/107_GRCh37/LRG_290/all_vars.gz",
                "untar/vep_cache/homo_sapiens_merged/107_GRCh37/LRG_290/all_vars.gz.csi",
                "untar/vep_cache/homo_sapiens_merged/107_GRCh37/LRG_291",
                "untar/vep_cache/homo_sapiens_merged/107_GRCh37/LRG_291/._1-1000000.gz",
                "untar/vep_cache/homo_sapiens_merged/107_GRCh37/LRG_291/._1-1000000_reg.gz",
                "untar/vep_cache/homo_sapiens_merged/107_GRCh37/LRG_291/._all_vars.gz",
                "untar/vep_cache/homo_sapiens_merged/107_GRCh37/LRG_291/._all_vars.gz.csi",
                "untar/vep_cache/homo_sapiens_merged/107_GRCh37/LRG_291/1-1000000.gz",
                "untar/vep_cache/homo_sapiens_merged/107_GRCh37/LRG_291/1-1000000_reg.gz",
                "untar/vep_cache/homo_sapiens_merged/107_GRCh37/LRG_291/all_vars.gz",
                "untar/vep_cache/homo_sapiens_merged/107_GRCh37/LRG_291/all_vars.gz.csi",
                "untar/vep_cache/homo_sapiens_merged/107_GRCh37/LRG_475",
                "untar/vep_cache/homo_sapiens_merged/107_GRCh37/LRG_475/._1-1000000.gz",
                "untar/vep_cache/homo_sapiens_merged/107_GRCh37/LRG_475/._1-1000000_reg.gz",
                "untar/vep_cache/homo_sapiens_merged/107_GRCh37/LRG_475/._all_vars.gz",
                "untar/vep_cache/homo_sapiens_merged/107_GRCh37/LRG_475/._all_vars.gz.csi",
                "untar/vep_cache/homo_sapiens_merged/107_GRCh37/LRG_475/1-1000000.gz",
                "untar/vep_cache/homo_sapiens_merged/107_GRCh37/LRG_475/1-1000000_reg.gz",
                "untar/vep_cache/homo_sapiens_merged/107_GRCh37/LRG_475/all_vars.gz",
                "untar/vep_cache/homo_sapiens_merged/107_GRCh37/LRG_475/all_vars.gz.csi",
                "untar/vep_cache/homo_sapiens_merged/107_GRCh37/LRG_476",
                "untar/vep_cache/homo_sapiens_merged/107_GRCh37/LRG_476/._1-1000000.gz",
                "untar/vep_cache/homo_sapiens_merged/107_GRCh37/LRG_476/._1-1000000_reg.gz",
                "untar/vep_cache/homo_sapiens_merged/107_GRCh37/LRG_476/._all_vars.gz",
                "untar/vep_cache/homo_sapiens_merged/107_GRCh37/LRG_476/._all_vars.gz.csi",
                "untar/vep_cache/homo_sapiens_merged/107_GRCh37/LRG_476/1-1000000.gz",
                "untar/vep_cache/homo_sapiens_merged/107_GRCh37/LRG_476/1-1000000_reg.gz",
                "untar/vep_cache/homo_sapiens_merged/107_GRCh37/LRG_476/all_vars.gz",
                "untar/vep_cache/homo_sapiens_merged/107_GRCh37/LRG_476/all_vars.gz.csi",
                "untar/vep_cache/homo_sapiens_merged/107_GRCh37/LRG_482",
                "untar/vep_cache/homo_sapiens_merged/107_GRCh37/LRG_482/._1-1000000.gz",
                "untar/vep_cache/homo_sapiens_merged/107_GRCh37/LRG_482/._1-1000000_reg.gz",
                "untar/vep_cache/homo_sapiens_merged/107_GRCh37/LRG_482/._1000001-2000000.gz",
                "untar/vep_cache/homo_sapiens_merged/107_GRCh37/LRG_482/._1000001-2000000_reg.gz",
                "untar/vep_cache/homo_sapiens_merged/107_GRCh37/LRG_482/._all_vars.gz",
                "untar/vep_cache/homo_sapiens_merged/107_GRCh37/LRG_482/._all_vars.gz.csi",
                "untar/vep_cache/homo_sapiens_merged/107_GRCh37/LRG_482/1-1000000.gz",
                "untar/vep_cache/homo_sapiens_merged/107_GRCh37/LRG_482/1-1000000_reg.gz",
                "untar/vep_cache/homo_sapiens_merged/107_GRCh37/LRG_482/1000001-2000000.gz",
                "untar/vep_cache/homo_sapiens_merged/107_GRCh37/LRG_482/1000001-2000000_reg.gz",
                "untar/vep_cache/homo_sapiens_merged/107_GRCh37/LRG_482/all_vars.gz",
                "untar/vep_cache/homo_sapiens_merged/107_GRCh37/LRG_482/all_vars.gz.csi",
                "untar/vep_cache/homo_sapiens_merged/107_GRCh37/LRG_67",
                "untar/vep_cache/homo_sapiens_merged/107_GRCh37/LRG_67/._1-1000000.gz",
                "untar/vep_cache/homo_sapiens_merged/107_GRCh37/LRG_67/._1-1000000_reg.gz",
                "untar/vep_cache/homo_sapiens_merged/107_GRCh37/LRG_67/._all_vars.gz",
                "untar/vep_cache/homo_sapiens_merged/107_GRCh37/LRG_67/._all_vars.gz.csi",
                "untar/vep_cache/homo_sapiens_merged/107_GRCh37/LRG_67/1-1000000.gz",
                "untar/vep_cache/homo_sapiens_merged/107_GRCh37/LRG_67/1-1000000_reg.gz",
                "untar/vep_cache/homo_sapiens_merged/107_GRCh37/LRG_67/all_vars.gz",
                "untar/vep_cache/homo_sapiens_merged/107_GRCh37/LRG_67/all_vars.gz.csi",
                "untar/vep_cache/homo_sapiens_merged/107_GRCh37/LRG_76",
                "untar/vep_cache/homo_sapiens_merged/107_GRCh37/LRG_76/._1-1000000.gz",
                "untar/vep_cache/homo_sapiens_merged/107_GRCh37/LRG_76/._1-1000000_reg.gz",
                "untar/vep_cache/homo_sapiens_merged/107_GRCh37/LRG_76/._all_vars.gz",
                "untar/vep_cache/homo_sapiens_merged/107_GRCh37/LRG_76/._all_vars.gz.csi",
                "untar/vep_cache/homo_sapiens_merged/107_GRCh37/LRG_76/1-1000000.gz",
                "untar/vep_cache/homo_sapiens_merged/107_GRCh37/LRG_76/1-1000000_reg.gz",
                "untar/vep_cache/homo_sapiens_merged/107_GRCh37/LRG_76/all_vars.gz",
                "untar/vep_cache/homo_sapiens_merged/107_GRCh37/LRG_76/all_vars.gz.csi",
                "untar/vep_cache/homo_sapiens_merged/107_GRCh37/MT",
                "untar/vep_cache/homo_sapiens_merged/107_GRCh37/MT/._1-1000000.gz",
                "untar/vep_cache/homo_sapiens_merged/107_GRCh37/MT/._1-1000000_reg.gz",
                "untar/vep_cache/homo_sapiens_merged/107_GRCh37/MT/._all_vars.gz",
                "untar/vep_cache/homo_sapiens_merged/107_GRCh37/MT/._all_vars.gz.csi",
                "untar/vep_cache/homo_sapiens_merged/107_GRCh37/MT/1-1000000.gz",
                "untar/vep_cache/homo_sapiens_merged/107_GRCh37/MT/1-1000000_reg.gz",
                "untar/vep_cache/homo_sapiens_merged/107_GRCh37/MT/all_vars.gz",
                "untar/vep_cache/homo_sapiens_merged/107_GRCh37/MT/all_vars.gz.csi",
                "untar/vep_cache/homo_sapiens_merged/107_GRCh37/chr_synonyms.txt",
                "untar/vep_cache/homo_sapiens_merged/107_GRCh37/info.txt",
                "untar/vep_cache/pLI_values_107.txt",
                "untar/vep_cache/spliceai_21_scores_raw_indel_-v1.3-.vcf.gz",
                "untar/vep_cache/spliceai_21_scores_raw_indel_-v1.3-.vcf.gz.tbi",
                "untar/vep_cache/spliceai_21_scores_raw_snv_-v1.3-.vcf.gz",
                "untar/vep_cache/spliceai_21_scores_raw_snv_-v1.3-.vcf.gz.tbi"
            ]
        ],
        "meta": {
            "nf-test": "0.9.3",
            "nextflow": "25.10.4"
        },
        "timestamp": "2026-04-14T14:35:51.809188"
    }
}