{
    "Prepare cobalt files for GENS, tumor (tumor-only data)": {
        "content": [
            [
                [
                    {
                        "id": "test_cobalt_cov",
                        "case_id": "test",
                        "sample_id": "subject_a",
                        "sample_type": "tumor",
                        "sex": "female"
                    },
                    "test_cobalt_cov.tumor.bed.gz:md5,1a22ba6f7f24087f1c7fbb51c73a3b9d"
                ]
            ],
            [
                [
                    {
                        "id": "test_cobalt_cov",
                        "case_id": "test",
                        "sample_id": "subject_a",
                        "sample_type": "tumor",
                        "sex": "female"
                    },
                    "test_cobalt_cov.tumor.bed.gz.tbi"
                ]
            ],
            {
                "versions": [
                    [
                        "PREPARE_COBALT_FOR_GENS",
                        "prepare_cobalt_for_gens",
                        "1.0"
                    ]
                ]
            }
        ],
        "timestamp": "2026-07-28T09:37:15.746937",
        "meta": {
            "nf-test": "0.9.5",
            "nextflow": "26.04.0"
        }
    },
    "Prepare cobalt files for GENS, normal (tumor-only data)": {
        "content": [
            {
                "bed": [
                    
                ],
                "tbi": [
                    
                ],
                "versions_cobalt_for_gens": [
                    
                ]
            },
            {
                "versions": [
                    
                ]
            }
        ],
        "timestamp": "2026-07-29T08:42:21.831346",
        "meta": {
            "nf-test": "0.9.5",
            "nextflow": "26.04.0"
        }
    },
    "Prepare cobalt files for GENS, tumor (tumor-normal data) - stub": {
        "content": [
            {
                "bed": [
                    [
                        {
                            "id": "test_cobalt_cov",
                            "case_id": "test",
                            "sample_id": "subject_a",
                            "sample_type": "tumor",
                            "sex": "female"
                        },
                        "test_cobalt_cov.tumor.bed.gz:md5,68b329da9893e34099c7d8ad5cb9c940"
                    ]
                ],
                "tbi": [
                    [
                        {
                            "id": "test_cobalt_cov",
                            "case_id": "test",
                            "sample_id": "subject_a",
                            "sample_type": "tumor",
                            "sex": "female"
                        },
                        "test_cobalt_cov.tumor.bed.gz.tbi:md5,d41d8cd98f00b204e9800998ecf8427e"
                    ]
                ],
                "versions_cobalt_for_gens": [
                    [
                        "PREPARE_COBALT_FOR_GENS",
                        "prepare_cobalt_for_gens",
                        "1.0"
                    ]
                ]
            }
        ],
        "timestamp": "2026-07-29T08:42:06.661597",
        "meta": {
            "nf-test": "0.9.5",
            "nextflow": "26.04.0"
        }
    },
    "Prepare cobalt files for GENS, tumor (tumor-normal data)": {
        "content": [
            [
                [
                    {
                        "id": "test_cobalt_cov",
                        "case_id": "test",
                        "sample_id": "subject_a",
                        "sample_type": "tumor",
                        "sex": "female"
                    },
                    "test_cobalt_cov.tumor.bed.gz:md5,5a34fb13829738c0742132bd11ff1219"
                ]
            ],
            [
                [
                    {
                        "id": "test_cobalt_cov",
                        "case_id": "test",
                        "sample_id": "subject_a",
                        "sample_type": "tumor",
                        "sex": "female"
                    },
                    "test_cobalt_cov.tumor.bed.gz.tbi"
                ]
            ],
            {
                "versions": [
                    [
                        "PREPARE_COBALT_FOR_GENS",
                        "prepare_cobalt_for_gens",
                        "1.0"
                    ]
                ]
            }
        ],
        "timestamp": "2026-06-26T14:53:55.64793",
        "meta": {
            "nf-test": "0.9.5",
            "nextflow": "25.10.4"
        }
    },
    "Prepare cobalt files for GENS, tumor (tumor-only data) - stub": {
        "content": [
            {
                "bed": [
                    [
                        {
                            "id": "test_cobalt_cov",
                            "case_id": "test",
                            "sample_id": "subject_a",
                            "sample_type": "tumor",
                            "sex": "female"
                        },
                        "test_cobalt_cov.tumor.bed.gz:md5,68b329da9893e34099c7d8ad5cb9c940"
                    ]
                ],
                "tbi": [
                    [
                        {
                            "id": "test_cobalt_cov",
                            "case_id": "test",
                            "sample_id": "subject_a",
                            "sample_type": "tumor",
                            "sex": "female"
                        },
                        "test_cobalt_cov.tumor.bed.gz.tbi:md5,d41d8cd98f00b204e9800998ecf8427e"
                    ]
                ],
                "versions_cobalt_for_gens": [
                    [
                        "PREPARE_COBALT_FOR_GENS",
                        "prepare_cobalt_for_gens",
                        "1.0"
                    ]
                ]
            }
        ],
        "timestamp": "2026-07-29T08:42:25.312531",
        "meta": {
            "nf-test": "0.9.5",
            "nextflow": "26.04.0"
        }
    },
    "Prepare cobalt files for GENS, normal (tumor-normal data) - stub": {
        "content": [
            {
                "bed": [
                    [
                        {
                            "id": "test_cobalt_cov",
                            "case_id": "test",
                            "sample_id": "subject_a",
                            "sample_type": "normal",
                            "sex": "female"
                        },
                        "test_cobalt_cov.normal.bed.gz:md5,68b329da9893e34099c7d8ad5cb9c940"
                    ]
                ],
                "tbi": [
                    [
                        {
                            "id": "test_cobalt_cov",
                            "case_id": "test",
                            "sample_id": "subject_a",
                            "sample_type": "normal",
                            "sex": "female"
                        },
                        "test_cobalt_cov.normal.bed.gz.tbi:md5,d41d8cd98f00b204e9800998ecf8427e"
                    ]
                ],
                "versions_cobalt_for_gens": [
                    [
                        "PREPARE_COBALT_FOR_GENS",
                        "prepare_cobalt_for_gens",
                        "1.0"
                    ]
                ]
            }
        ],
        "timestamp": "2026-07-29T08:42:02.244445",
        "meta": {
            "nf-test": "0.9.5",
            "nextflow": "26.04.0"
        }
    },
    "Prepare cobalt files for GENS, normal (tumor-only data) - stub": {
        "content": [
            {
                "bed": [
                    
                ],
                "tbi": [
                    
                ],
                "versions_cobalt_for_gens": [
                    
                ]
            }
        ],
        "timestamp": "2026-07-29T08:42:29.922451",
        "meta": {
            "nf-test": "0.9.5",
            "nextflow": "26.04.0"
        }
    },
    "Prepare cobalt files for GENS, normal (tumor-normal data)": {
        "content": [
            [
                [
                    {
                        "id": "test_cobalt_cov",
                        "case_id": "test",
                        "sample_id": "subject_a",
                        "sample_type": "normal",
                        "sex": "female"
                    },
                    "test_cobalt_cov.normal.bed.gz:md5,d80e5d2edb1559d3e035c0739a8d172f"
                ]
            ],
            [
                [
                    {
                        "id": "test_cobalt_cov",
                        "case_id": "test",
                        "sample_id": "subject_a",
                        "sample_type": "normal",
                        "sex": "female"
                    },
                    "test_cobalt_cov.normal.bed.gz.tbi"
                ]
            ],
            {
                "versions": [
                    [
                        "PREPARE_COBALT_FOR_GENS",
                        "prepare_cobalt_for_gens",
                        "1.0"
                    ]
                ]
            }
        ],
        "timestamp": "2026-06-26T13:55:34.725615",
        "meta": {
            "nf-test": "0.9.5",
            "nextflow": "25.10.4"
        }
    }
}