{
    "Prepare cobalt files for GENS, tumor (tumor-normal data) - stub": {
        "content": [
            {
                "bed": [
                    [
                        {
                            "id": "test_cobalt_cov",
                            "case_id": "test",
                            "sample_id": "subject_a",
                            "sample_type": "tumor",
                            "sex": "female"
                        },
                        "test_cobalt_cov_tumor.bed.gz:md5,68b329da9893e34099c7d8ad5cb9c940"
                    ]
                ],
                "tbi": [
                    [
                        {
                            "id": "test_cobalt_cov",
                            "case_id": "test",
                            "sample_id": "subject_a",
                            "sample_type": "tumor",
                            "sex": "female"
                        },
                        "test_cobalt_cov_tumor.bed.gz.tbi:md5,d41d8cd98f00b204e9800998ecf8427e"
                    ]
                ],
                "versions_bgzip": [
                    [
                        "PREPARE_COBALT_FOR_GENS",
                        "bgzip",
                        "(htslib) 1.23.1"
                    ]
                ],
                "versions_cobalt_for_gens": [
                    [
                        "PREPARE_COBALT_FOR_GENS",
                        "prepare_cobalt_for_gens",
                        "prepare_cobalt_for_gens, version 1.0"
                    ]
                ],
                "versions_python": [
                    [
                        "PREPARE_COBALT_FOR_GENS",
                        "python",
                        "Python 3.14.6"
                    ]
                ],
                "versions_tabix": [
                    [
                        "PREPARE_COBALT_FOR_GENS",
                        "tabix",
                        "(htslib) 1.23.1"
                    ]
                ]
            }
        ],
        "timestamp": "2026-08-03T13:19:18.354483",
        "meta": {
            "nf-test": "0.9.5",
            "nextflow": "26.04.0"
        }
    },
    "Prepare cobalt files for GENS, tumor (tumor-normal data)": {
        "content": [
            [
                [
                    {
                        "id": "test_cobalt_cov",
                        "case_id": "test",
                        "sample_id": "subject_a",
                        "sample_type": "tumor",
                        "sex": "female"
                    },
                    "test_cobalt_cov_tumor.bed.gz:md5,5a34fb13829738c0742132bd11ff1219"
                ]
            ],
            [
                [
                    {
                        "id": "test_cobalt_cov",
                        "case_id": "test",
                        "sample_id": "subject_a",
                        "sample_type": "tumor",
                        "sex": "female"
                    },
                    "test_cobalt_cov_tumor.bed.gz.tbi"
                ]
            ],
            {
                "versions": [
                    [
                        "PREPARE_COBALT_FOR_GENS",
                        "bgzip",
                        "(htslib) 1.23.1"
                    ],
                    [
                        "PREPARE_COBALT_FOR_GENS",
                        "prepare_cobalt_for_gens",
                        "prepare_cobalt_for_gens, version 1.0"
                    ],
                    [
                        "PREPARE_COBALT_FOR_GENS",
                        "python",
                        "Python 3.14.6"
                    ],
                    [
                        "PREPARE_COBALT_FOR_GENS",
                        "tabix",
                        "(htslib) 1.23.1"
                    ]
                ]
            }
        ],
        "timestamp": "2026-08-03T13:19:07.999301",
        "meta": {
            "nf-test": "0.9.5",
            "nextflow": "26.04.0"
        }
    },
    "Prepare cobalt files for GENS, normal (tumor-normal data) - stub": {
        "content": [
            {
                "bed": [
                    [
                        {
                            "id": "test_cobalt_cov",
                            "case_id": "test",
                            "sample_id": "subject_a",
                            "sample_type": "normal",
                            "sex": "female"
                        },
                        "test_cobalt_cov_normal.bed.gz:md5,68b329da9893e34099c7d8ad5cb9c940"
                    ]
                ],
                "tbi": [
                    [
                        {
                            "id": "test_cobalt_cov",
                            "case_id": "test",
                            "sample_id": "subject_a",
                            "sample_type": "normal",
                            "sex": "female"
                        },
                        "test_cobalt_cov_normal.bed.gz.tbi:md5,d41d8cd98f00b204e9800998ecf8427e"
                    ]
                ],
                "versions_bgzip": [
                    [
                        "PREPARE_COBALT_FOR_GENS",
                        "bgzip",
                        "(htslib) 1.23.1"
                    ]
                ],
                "versions_cobalt_for_gens": [
                    [
                        "PREPARE_COBALT_FOR_GENS",
                        "prepare_cobalt_for_gens",
                        "prepare_cobalt_for_gens, version 1.0"
                    ]
                ],
                "versions_python": [
                    [
                        "PREPARE_COBALT_FOR_GENS",
                        "python",
                        "Python 3.14.6"
                    ]
                ],
                "versions_tabix": [
                    [
                        "PREPARE_COBALT_FOR_GENS",
                        "tabix",
                        "(htslib) 1.23.1"
                    ]
                ]
            }
        ],
        "timestamp": "2026-08-03T13:19:13.293319",
        "meta": {
            "nf-test": "0.9.5",
            "nextflow": "26.04.0"
        }
    },
    "Prepare cobalt files for GENS, normal (tumor-normal data)": {
        "content": [
            [
                [
                    {
                        "id": "test_cobalt_cov",
                        "case_id": "test",
                        "sample_id": "subject_a",
                        "sample_type": "normal",
                        "sex": "female"
                    },
                    "test_cobalt_cov_normal.bed.gz:md5,d80e5d2edb1559d3e035c0739a8d172f"
                ]
            ],
            [
                [
                    {
                        "id": "test_cobalt_cov",
                        "case_id": "test",
                        "sample_id": "subject_a",
                        "sample_type": "normal",
                        "sex": "female"
                    },
                    "test_cobalt_cov_normal.bed.gz.tbi"
                ]
            ],
            {
                "versions": [
                    [
                        "PREPARE_COBALT_FOR_GENS",
                        "bgzip",
                        "(htslib) 1.23.1"
                    ],
                    [
                        "PREPARE_COBALT_FOR_GENS",
                        "prepare_cobalt_for_gens",
                        "prepare_cobalt_for_gens, version 1.0"
                    ],
                    [
                        "PREPARE_COBALT_FOR_GENS",
                        "python",
                        "Python 3.14.6"
                    ],
                    [
                        "PREPARE_COBALT_FOR_GENS",
                        "tabix",
                        "(htslib) 1.23.1"
                    ]
                ]
            }
        ],
        "timestamp": "2026-08-03T13:18:55.055979",
        "meta": {
            "nf-test": "0.9.5",
            "nextflow": "26.04.0"
        }
    }
}