{
    "Annotate VCF by ID, tumor-normal": {
        "content": [
            [
                [
                    {
                        "id": "test"
                    },
                    "test_linxannotated.vcf.gz:variantsMD5,da36427a37c150dc78ef322d3841f4a1"
                ]
            ],
            [
                [
                    {
                        "id": "test"
                    },
                    "test_linxannotated.vcf.gz.tbi"
                ]
            ],
            {
                "versions_annotate_vcf": [
                    [
                        "ANNOTATE_VCF_BY_ID",
                        "annotate_vcf_by_id",
                        "1.0"
                    ]
                ]
            }
        ],
        "timestamp": "2026-06-23T17:20:02.277056",
        "meta": {
            "nf-test": "0.9.5",
            "nextflow": "25.10.4"
        }
    },
    "Annotate VCF by ID, tumor-normal - stub": {
        "content": [
            [
                [
                    {
                        "id": "test"
                    },
                    "test_linxannotated.vcf.gz"
                ]
            ],
            [
                [
                    {
                        "id": "test"
                    },
                    "test_linxannotated.vcf.gz.tbi"
                ]
            ],
            {
                "versions_annotate_vcf": [
                    [
                        "ANNOTATE_VCF_BY_ID",
                        "annotate_vcf_by_id",
                        "1.0"
                    ]
                ]
            }
        ],
        "timestamp": "2026-06-23T17:15:29.621378",
        "meta": {
            "nf-test": "0.9.5",
            "nextflow": "25.10.4"
        }
    }
}